/Users/jaili/projects/godot/tanks/art-review/tank-kit-v1/build_tank_kit.py:19: DeprecationWarning: 'Material.use_nodes' is expected to be removed in Blender 6.0
  m.use_nodes = True
/Users/jaili/projects/godot/tanks/art-review/tank-kit-v1/build_tank_kit.py:293: DeprecationWarning: 'World.use_nodes' is expected to be removed in Blender 6.0
  sc.world=bpy.data.worlds.new(name+' world');sc.world.use_nodes=True
INFO Draco mesh compression is available, use library at /Applications/Blender.app/Contents/Resources/5.1/scripts/addons_core/io_scene_gltf2/libextern_draco.dylib
22:05:53 | INFO: Starting glTF 2.0 export
22:05:53 | INFO: Extracting primitive: Cylinder.018
22:05:53 | INFO: Primitives created: 1
22:05:53 | INFO: Extracting primitive: Cylinder.019
22:05:53 | INFO: Primitives created: 1
22:05:53 | INFO: Extracting primitive: Cylinder.020
22:05:53 | INFO: Primitives created: 1
22:05:53 | INFO: Extracting primitive: Cylinder.021
22:05:53 | INFO: Primitives created: 1
22:05:53 | INFO: Extracting primitive: Cylinder.016
22:05:53 | INFO: Primitives created: 1
22:05:53 | INFO: Extracting primitive: Cylinder.017
22:05:53 | INFO: Primitives created: 1
22:05:53 | INFO: Extracting primitive: Cube.058
22:05:53 | INFO: Primitives created: 1
22:05:53 | INFO: Extracting primitive: Cube.057
22:05:53 | INFO: Primitives created: 1
22:05:53 | INFO: Extracting primitive: Cube.060
22:05:53 | INFO: Primitives created: 1
22:05:53 | INFO: Extracting primitive: Cube.061
22:05:53 | INFO: Primitives created: 1
22:05:53 | INFO: Extracting primitive: Cube.067
22:05:53 | INFO: Primitives created: 1
22:05:53 | INFO: Extracting primitive: Cube.054
22:05:53 | INFO: Primitives created: 1
22:05:53 | INFO: Extracting primitive: Cube.062
22:05:53 | INFO: Primitives created: 1
22:05:53 | INFO: Extracting primitive: Cube.063
22:05:53 | INFO: Primitives created: 1
22:05:53 | INFO: Extracting primitive: Cube.064
22:05:53 | INFO: Primitives created: 1
22:05:53 | INFO: Extracting primitive: Cube.065
22:05:53 | INFO: Primitives created: 1
22:05:53 | INFO: Extracting primitive: Cube.066
22:05:53 | INFO: Primitives created: 1
22:05:53 | INFO: Extracting primitive: Cylinder
22:05:53 | INFO: Primitives created: 1
22:05:53 | INFO: Extracting primitive: Cylinder.002
22:05:53 | INFO: Primitives created: 1
22:05:53 | INFO: Extracting primitive: Cylinder.004
22:05:53 | INFO: Primitives created: 1
22:05:53 | INFO: Extracting primitive: Cylinder.006
22:05:53 | INFO: Primitives created: 1
22:05:53 | INFO: Extracting primitive: Cylinder.008
22:05:53 | INFO: Primitives created: 1
22:05:53 | INFO: Extracting primitive: Cylinder.010
22:05:53 | INFO: Primitives created: 1
22:05:53 | INFO: Extracting primitive: Cylinder.012
22:05:53 | INFO: Primitives created: 1
22:05:53 | INFO: Extracting primitive: Cylinder.014
22:05:53 | INFO: Primitives created: 1
22:05:53 | INFO: Extracting primitive: Cube
22:05:53 | INFO: Primitives created: 1
22:05:53 | INFO: Extracting primitive: Cube.027
22:05:53 | INFO: Primitives created: 1
22:05:53 | INFO: Extracting primitive: Cube.056
22:05:53 | INFO: Primitives created: 1
22:05:53 | INFO: Extracting primitive: Cube.059
22:05:53 | INFO: Primitives created: 1
22:05:53 | INFO: Extracting primitive: Cube.021
22:05:53 | INFO: Primitives created: 1
22:05:53 | INFO: Extracting primitive: Cube.022
22:05:53 | INFO: Primitives created: 1
22:05:53 | INFO: Extracting primitive: Cube.023
22:05:53 | INFO: Primitives created: 1
22:05:53 | INFO: Extracting primitive: Cube.024
22:05:53 | INFO: Primitives created: 1
22:05:53 | INFO: Extracting primitive: Cube.025
22:05:53 | INFO: Primitives created: 1
22:05:53 | INFO: Extracting primitive: Cube.026
22:05:53 | INFO: Primitives created: 1
22:05:53 | INFO: Extracting primitive: Cube.048
22:05:53 | INFO: Primitives created: 1
22:05:53 | INFO: Extracting primitive: Cube.049
22:05:53 | INFO: Primitives created: 1
22:05:53 | INFO: Extracting primitive: Cube.050
22:05:53 | INFO: Primitives created: 1
22:05:53 | INFO: Extracting primitive: Cube.051
22:05:53 | INFO: Primitives created: 1
22:05:53 | INFO: Extracting primitive: Cube.052
22:05:53 | INFO: Primitives created: 1
22:05:53 | INFO: Extracting primitive: Cube.053
22:05:53 | INFO: Primitives created: 1
22:05:53 | INFO: Extracting primitive: Cube.002
22:05:53 | INFO: Primitives created: 1
22:05:53 | INFO: Extracting primitive: Cube.004
22:05:53 | INFO: Primitives created: 1
22:05:53 | INFO: Extracting primitive: Cube.006
22:05:53 | INFO: Primitives created: 1
22:05:53 | INFO: Extracting primitive: Cube.008
22:05:53 | INFO: Primitives created: 1
22:05:53 | INFO: Extracting primitive: Cube.010
22:05:53 | INFO: Primitives created: 1
22:05:53 | INFO: Extracting primitive: Cube.012
22:05:53 | INFO: Primitives created: 1
22:05:53 | INFO: Extracting primitive: Cube.014
22:05:53 | INFO: Primitives created: 1
22:05:53 | INFO: Extracting primitive: Cube.016
22:05:53 | INFO: Primitives created: 1
22:05:53 | INFO: Extracting primitive: Cube.018
22:05:53 | INFO: Primitives created: 1
22:05:53 | INFO: Extracting primitive: Cube.020
22:05:53 | INFO: Primitives created: 1
22:05:53 | INFO: Extracting primitive: Cube.029
22:05:53 | INFO: Primitives created: 1
22:05:53 | INFO: Extracting primitive: Cube.031
22:05:53 | INFO: Primitives created: 1
22:05:53 | INFO: Extracting primitive: Cube.033
22:05:53 | INFO: Primitives created: 1
22:05:53 | INFO: Extracting primitive: Cube.035
22:05:53 | INFO: Primitives created: 1
22:05:53 | INFO: Extracting primitive: Cube.037
22:05:53 | INFO: Primitives created: 1
22:05:53 | INFO: Extracting primitive: Cube.039
22:05:53 | INFO: Primitives created: 1
22:05:53 | INFO: Extracting primitive: Cube.041
22:05:53 | INFO: Primitives created: 1
22:05:53 | INFO: Extracting primitive: Cube.043
22:05:53 | INFO: Primitives created: 1
22:05:53 | INFO: Extracting primitive: Cube.045
22:05:53 | INFO: Primitives created: 1
22:05:53 | INFO: Extracting primitive: Cube.047
22:05:53 | INFO: Primitives created: 1
22:05:53 | INFO: Extracting primitive: Cube.001
22:05:53 | INFO: Primitives created: 1
22:05:53 | INFO: Extracting primitive: Cube.003
22:05:53 | INFO: Primitives created: 1
22:05:53 | INFO: Extracting primitive: Cube.005
22:05:53 | INFO: Primitives created: 1
22:05:53 | INFO: Extracting primitive: Cube.007
22:05:53 | INFO: Primitives created: 1
22:05:53 | INFO: Extracting primitive: Cube.009
22:05:53 | INFO: Primitives created: 1
22:05:53 | INFO: Extracting primitive: Cube.011
22:05:53 | INFO: Primitives created: 1
22:05:53 | INFO: Extracting primitive: Cube.013
22:05:53 | INFO: Primitives created: 1
22:05:53 | INFO: Extracting primitive: Cube.015
22:05:53 | INFO: Primitives created: 1
22:05:53 | INFO: Extracting primitive: Cube.017
22:05:53 | INFO: Primitives created: 1
22:05:53 | INFO: Extracting primitive: Cube.019
22:05:53 | INFO: Primitives created: 1
22:05:53 | INFO: Extracting primitive: Cube.028
22:05:53 | INFO: Primitives created: 1
22:05:53 | INFO: Extracting primitive: Cube.030
22:05:53 | INFO: Primitives created: 1
22:05:53 | INFO: Extracting primitive: Cube.032
22:05:53 | INFO: Primitives created: 1
22:05:53 | INFO: Extracting primitive: Cube.034
22:05:53 | INFO: Primitives created: 1
22:05:53 | INFO: Extracting primitive: Cube.036
22:05:53 | INFO: Primitives created: 1
22:05:53 | INFO: Extracting primitive: Cube.038
22:05:53 | INFO: Primitives created: 1
22:05:53 | INFO: Extracting primitive: Cube.040
22:05:53 | INFO: Primitives created: 1
22:05:53 | INFO: Extracting primitive: Cube.042
22:05:53 | INFO: Primitives created: 1
22:05:53 | INFO: Extracting primitive: Cube.044
22:05:53 | INFO: Primitives created: 1
22:05:53 | INFO: Extracting primitive: Cube.046
22:05:53 | INFO: Primitives created: 1
22:05:53 | INFO: Extracting primitive: Cube.055
22:05:53 | INFO: Primitives created: 1
22:05:53 | INFO: Extracting primitive: Cylinder.001
22:05:53 | INFO: Primitives created: 1
22:05:53 | INFO: Extracting primitive: Cylinder.003
22:05:53 | INFO: Primitives created: 1
22:05:53 | INFO: Extracting primitive: Cylinder.005
22:05:53 | INFO: Primitives created: 1
22:05:53 | INFO: Extracting primitive: Cylinder.007
22:05:53 | INFO: Primitives created: 1
22:05:53 | INFO: Extracting primitive: Cylinder.009
22:05:53 | INFO: Primitives created: 1
22:05:53 | INFO: Extracting primitive: Cylinder.011
22:05:53 | INFO: Primitives created: 1
22:05:53 | INFO: Extracting primitive: Cylinder.013
22:05:53 | INFO: Primitives created: 1
22:05:53 | INFO: Extracting primitive: Cylinder.015
22:05:53 | INFO: Primitives created: 1
22:05:53 | INFO: Extracting primitive: Cylinder.025
22:05:53 | INFO: Primitives created: 1
22:05:53 | INFO: Extracting primitive: Cylinder.028
22:05:53 | INFO: Primitives created: 1
22:05:53 | INFO: Extracting primitive: Cylinder.026
22:05:53 | INFO: Primitives created: 1
22:05:53 | INFO: Extracting primitive: Cylinder.027
22:05:53 | INFO: Primitives created: 1
22:05:53 | INFO: Extracting primitive: Cylinder.024
22:05:53 | INFO: Primitives created: 1
22:05:53 | INFO: Extracting primitive: Cube.068
22:05:53 | INFO: Primitives created: 1
22:05:53 | INFO: Extracting primitive: Cylinder.023
22:05:53 | INFO: Primitives created: 1
22:05:53 | INFO: Extracting primitive: Cylinder.022
22:05:53 | INFO: Primitives created: 1
22:05:53 | INFO: Extracting primitive: Cube.069
22:05:53 | INFO: Primitives created: 1
22:05:53 | INFO: Finished glTF 2.0 export in 0.07841086387634277 s

22:05:53 | INFO: Starting glTF 2.0 export
22:05:53 | INFO: Extracting primitive: Cylinder.047
22:05:53 | INFO: Primitives created: 1
22:05:53 | INFO: Extracting primitive: Cylinder.048
22:05:53 | INFO: Primitives created: 1
22:05:53 | INFO: Extracting primitive: Cylinder.049
22:05:53 | INFO: Primitives created: 1
22:05:53 | INFO: Extracting primitive: Cylinder.050
22:05:53 | INFO: Primitives created: 1
22:05:53 | INFO: Extracting primitive: Cylinder.045
22:05:53 | INFO: Primitives created: 1
22:05:53 | INFO: Extracting primitive: Cylinder.046
22:05:53 | INFO: Primitives created: 1
22:05:53 | INFO: Extracting primitive: Cube.139
22:05:53 | INFO: Primitives created: 1
22:05:53 | INFO: Extracting primitive: Cube.142
22:05:53 | INFO: Primitives created: 1
22:05:53 | INFO: Extracting primitive: Cube.140
22:05:53 | INFO: Primitives created: 1
22:05:53 | INFO: Extracting primitive: Cube.143
22:05:53 | INFO: Primitives created: 1
22:05:53 | INFO: Extracting primitive: Cube.149
22:05:53 | INFO: Primitives created: 1
22:05:53 | INFO: Extracting primitive: Cube.136
22:05:53 | INFO: Primitives created: 1
22:05:53 | INFO: Extracting primitive: Cube.144
22:05:53 | INFO: Primitives created: 1
22:05:53 | INFO: Extracting primitive: Cube.145
22:05:53 | INFO: Primitives created: 1
22:05:53 | INFO: Extracting primitive: Cube.146
22:05:53 | INFO: Primitives created: 1
22:05:53 | INFO: Extracting primitive: Cube.147
22:05:53 | INFO: Primitives created: 1
22:05:53 | INFO: Extracting primitive: Cube.148
22:05:53 | INFO: Primitives created: 1
22:05:53 | INFO: Extracting primitive: Cylinder.029
22:05:53 | INFO: Primitives created: 1
22:05:53 | INFO: Extracting primitive: Cylinder.031
22:05:53 | INFO: Primitives created: 1
22:05:53 | INFO: Extracting primitive: Cylinder.033
22:05:53 | INFO: Primitives created: 1
22:05:53 | INFO: Extracting primitive: Cylinder.035
22:05:53 | INFO: Primitives created: 1
22:05:53 | INFO: Extracting primitive: Cylinder.037
22:05:53 | INFO: Primitives created: 1
22:05:53 | INFO: Extracting primitive: Cylinder.039
22:05:53 | INFO: Primitives created: 1
22:05:53 | INFO: Extracting primitive: Cylinder.041
22:05:53 | INFO: Primitives created: 1
22:05:53 | INFO: Extracting primitive: Cylinder.043
22:05:53 | INFO: Primitives created: 1
22:05:53 | INFO: Extracting primitive: Cube.070
22:05:53 | INFO: Primitives created: 1
22:05:53 | INFO: Extracting primitive: Cube.103
22:05:53 | INFO: Primitives created: 1
22:05:53 | INFO: Extracting primitive: Cube.138
22:05:53 | INFO: Primitives created: 1
22:05:53 | INFO: Extracting primitive: Cube.141
22:05:53 | INFO: Primitives created: 1
22:05:53 | INFO: Extracting primitive: Cube.097
22:05:53 | INFO: Primitives created: 1
22:05:53 | INFO: Extracting primitive: Cube.098
22:05:53 | INFO: Primitives created: 1
22:05:53 | INFO: Extracting primitive: Cube.099
22:05:53 | INFO: Primitives created: 1
22:05:53 | INFO: Extracting primitive: Cube.100
22:05:53 | INFO: Primitives created: 1
22:05:53 | INFO: Extracting primitive: Cube.101
22:05:53 | INFO: Primitives created: 1
22:05:53 | INFO: Extracting primitive: Cube.102
22:05:53 | INFO: Primitives created: 1
22:05:53 | INFO: Extracting primitive: Cube.130
22:05:53 | INFO: Primitives created: 1
22:05:53 | INFO: Extracting primitive: Cube.131
22:05:53 | INFO: Primitives created: 1
22:05:53 | INFO: Extracting primitive: Cube.132
22:05:53 | INFO: Primitives created: 1
22:05:53 | INFO: Extracting primitive: Cube.133
22:05:53 | INFO: Primitives created: 1
22:05:53 | INFO: Extracting primitive: Cube.134
22:05:53 | INFO: Primitives created: 1
22:05:53 | INFO: Extracting primitive: Cube.135
22:05:53 | INFO: Primitives created: 1
22:05:53 | INFO: Extracting primitive: Cube.072
22:05:53 | INFO: Primitives created: 1
22:05:53 | INFO: Extracting primitive: Cube.074
22:05:53 | INFO: Primitives created: 1
22:05:53 | INFO: Extracting primitive: Cube.076
22:05:53 | INFO: Primitives created: 1
22:05:53 | INFO: Extracting primitive: Cube.078
22:05:53 | INFO: Primitives created: 1
22:05:53 | INFO: Extracting primitive: Cube.080
22:05:53 | INFO: Primitives created: 1
22:05:53 | INFO: Extracting primitive: Cube.082
22:05:53 | INFO: Primitives created: 1
22:05:53 | INFO: Extracting primitive: Cube.084
22:05:53 | INFO: Primitives created: 1
22:05:53 | INFO: Extracting primitive: Cube.086
22:05:53 | INFO: Primitives created: 1
22:05:53 | INFO: Extracting primitive: Cube.088
22:05:53 | INFO: Primitives created: 1
22:05:53 | INFO: Extracting primitive: Cube.090
22:05:53 | INFO: Primitives created: 1
22:05:53 | INFO: Extracting primitive: Cube.092
22:05:53 | INFO: Primitives created: 1
22:05:53 | INFO: Extracting primitive: Cube.094
22:05:53 | INFO: Primitives created: 1
22:05:53 | INFO: Extracting primitive: Cube.096
22:05:53 | INFO: Primitives created: 1
22:05:53 | INFO: Extracting primitive: Cube.105
22:05:53 | INFO: Primitives created: 1
22:05:53 | INFO: Extracting primitive: Cube.107
22:05:53 | INFO: Primitives created: 1
22:05:53 | INFO: Extracting primitive: Cube.109
22:05:53 | INFO: Primitives created: 1
22:05:53 | INFO: Extracting primitive: Cube.111
22:05:53 | INFO: Primitives created: 1
22:05:53 | INFO: Extracting primitive: Cube.113
22:05:53 | INFO: Primitives created: 1
22:05:53 | INFO: Extracting primitive: Cube.115
22:05:53 | INFO: Primitives created: 1
22:05:53 | INFO: Extracting primitive: Cube.117
22:05:53 | INFO: Primitives created: 1
22:05:53 | INFO: Extracting primitive: Cube.119
22:05:53 | INFO: Primitives created: 1
22:05:53 | INFO: Extracting primitive: Cube.121
22:05:53 | INFO: Primitives created: 1
22:05:53 | INFO: Extracting primitive: Cube.123
22:05:53 | INFO: Primitives created: 1
22:05:53 | INFO: Extracting primitive: Cube.125
22:05:53 | INFO: Primitives created: 1
22:05:53 | INFO: Extracting primitive: Cube.127
22:05:53 | INFO: Primitives created: 1
22:05:53 | INFO: Extracting primitive: Cube.129
22:05:53 | INFO: Primitives created: 1
22:05:53 | INFO: Extracting primitive: Cube.071
22:05:53 | INFO: Primitives created: 1
22:05:53 | INFO: Extracting primitive: Cube.073
22:05:53 | INFO: Primitives created: 1
22:05:53 | INFO: Extracting primitive: Cube.075
22:05:53 | INFO: Primitives created: 1
22:05:53 | INFO: Extracting primitive: Cube.077
22:05:53 | INFO: Primitives created: 1
22:05:53 | INFO: Extracting primitive: Cube.079
22:05:53 | INFO: Primitives created: 1
22:05:53 | INFO: Extracting primitive: Cube.081
22:05:53 | INFO: Primitives created: 1
22:05:53 | INFO: Extracting primitive: Cube.083
22:05:53 | INFO: Primitives created: 1
22:05:53 | INFO: Extracting primitive: Cube.085
22:05:53 | INFO: Primitives created: 1
22:05:53 | INFO: Extracting primitive: Cube.087
22:05:53 | INFO: Primitives created: 1
22:05:53 | INFO: Extracting primitive: Cube.089
22:05:53 | INFO: Primitives created: 1
22:05:53 | INFO: Extracting primitive: Cube.091
22:05:53 | INFO: Primitives created: 1
22:05:53 | INFO: Extracting primitive: Cube.093
22:05:53 | INFO: Primitives created: 1
22:05:53 | INFO: Extracting primitive: Cube.095
22:05:53 | INFO: Primitives created: 1
22:05:53 | INFO: Extracting primitive: Cube.104
22:05:53 | INFO: Primitives created: 1
22:05:53 | INFO: Extracting primitive: Cube.106
22:05:53 | INFO: Primitives created: 1
22:05:53 | INFO: Extracting primitive: Cube.108
22:05:53 | INFO: Primitives created: 1
22:05:53 | INFO: Extracting primitive: Cube.110
22:05:53 | INFO: Primitives created: 1
22:05:53 | INFO: Extracting primitive: Cube.112
22:05:53 | INFO: Primitives created: 1
22:05:53 | INFO: Extracting primitive: Cube.114
22:05:53 | INFO: Primitives created: 1
22:05:53 | INFO: Extracting primitive: Cube.116
22:05:53 | INFO: Primitives created: 1
22:05:53 | INFO: Extracting primitive: Cube.118
22:05:53 | INFO: Primitives created: 1
22:05:53 | INFO: Extracting primitive: Cube.120
22:05:53 | INFO: Primitives created: 1
22:05:53 | INFO: Extracting primitive: Cube.122
22:05:53 | INFO: Primitives created: 1
22:05:53 | INFO: Extracting primitive: Cube.124
22:05:53 | INFO: Primitives created: 1
22:05:53 | INFO: Extracting primitive: Cube.126
22:05:53 | INFO: Primitives created: 1
22:05:53 | INFO: Extracting primitive: Cube.128
22:05:53 | INFO: Primitives created: 1
22:05:53 | INFO: Extracting primitive: Cube.137
22:05:53 | INFO: Primitives created: 1
22:05:53 | INFO: Extracting primitive: Cylinder.030
22:05:53 | INFO: Primitives created: 1
22:05:53 | INFO: Extracting primitive: Cylinder.032
22:05:53 | INFO: Primitives created: 1
22:05:53 | INFO: Extracting primitive: Cylinder.034
22:05:53 | INFO: Primitives created: 1
22:05:53 | INFO: Extracting primitive: Cylinder.036
22:05:53 | INFO: Primitives created: 1
22:05:53 | INFO: Extracting primitive: Cylinder.038
22:05:53 | INFO: Primitives created: 1
22:05:53 | INFO: Extracting primitive: Cylinder.040
22:05:53 | INFO: Primitives created: 1
22:05:53 | INFO: Extracting primitive: Cylinder.042
22:05:53 | INFO: Primitives created: 1
22:05:53 | INFO: Extracting primitive: Cylinder.044
22:05:53 | INFO: Primitives created: 1
22:05:53 | INFO: Extracting primitive: Cylinder.054
22:05:53 | INFO: Primitives created: 1
22:05:53 | INFO: Extracting primitive: Cylinder.057
22:05:53 | INFO: Primitives created: 1
22:05:53 | INFO: Extracting primitive: Cylinder.055
22:05:53 | INFO: Primitives created: 1
22:05:53 | INFO: Extracting primitive: Cylinder.056
22:05:53 | INFO: Primitives created: 1
22:05:53 | INFO: Extracting primitive: Cylinder.053
22:05:53 | INFO: Primitives created: 1
22:05:53 | INFO: Extracting primitive: Cylinder.052
22:05:53 | INFO: Primitives created: 1
22:05:53 | INFO: Extracting primitive: Cube.150
22:05:53 | INFO: Primitives created: 1
22:05:53 | INFO: Extracting primitive: Cylinder.051
22:05:53 | INFO: Primitives created: 1
22:05:53 | INFO: Extracting primitive: Cube.151
22:05:53 | INFO: Primitives created: 1
22:05:53 | INFO: Finished glTF 2.0 export in 0.09085607528686523 s

22:05:53 | INFO: Starting glTF 2.0 export
22:05:53 | INFO: Extracting primitive: Cylinder.076
22:05:53 | INFO: Primitives created: 1
22:05:53 | INFO: Extracting primitive: Cylinder.077
22:05:53 | INFO: Primitives created: 1
22:05:53 | INFO: Extracting primitive: Cylinder.078
22:05:53 | INFO: Primitives created: 1
22:05:53 | INFO: Extracting primitive: Cylinder.079
22:05:53 | INFO: Primitives created: 1
22:05:53 | INFO: Extracting primitive: Cylinder.074
22:05:53 | INFO: Primitives created: 1
22:05:53 | INFO: Extracting primitive: Cylinder.075
22:05:53 | INFO: Primitives created: 1
22:05:53 | INFO: Extracting primitive: Cube.221
22:05:53 | INFO: Primitives created: 1
22:05:53 | INFO: Extracting primitive: Cube.224
22:05:53 | INFO: Primitives created: 1
22:05:53 | INFO: Extracting primitive: Cube.222
22:05:53 | INFO: Primitives created: 1
22:05:53 | INFO: Extracting primitive: Cube.225
22:05:53 | INFO: Primitives created: 1
22:05:53 | INFO: Extracting primitive: Cube.231
22:05:53 | INFO: Primitives created: 1
22:05:53 | INFO: Extracting primitive: Cube.218
22:05:53 | INFO: Primitives created: 1
22:05:53 | INFO: Extracting primitive: Cube.226
22:05:53 | INFO: Primitives created: 1
22:05:53 | INFO: Extracting primitive: Cube.227
22:05:53 | INFO: Primitives created: 1
22:05:53 | INFO: Extracting primitive: Cube.228
22:05:53 | INFO: Primitives created: 1
22:05:53 | INFO: Extracting primitive: Cube.229
22:05:53 | INFO: Primitives created: 1
22:05:53 | INFO: Extracting primitive: Cube.230
22:05:53 | INFO: Primitives created: 1
22:05:53 | INFO: Extracting primitive: Cylinder.058
22:05:53 | INFO: Primitives created: 1
22:05:53 | INFO: Extracting primitive: Cylinder.060
22:05:53 | INFO: Primitives created: 1
22:05:53 | INFO: Extracting primitive: Cylinder.062
22:05:53 | INFO: Primitives created: 1
22:05:53 | INFO: Extracting primitive: Cylinder.064
22:05:53 | INFO: Primitives created: 1
22:05:53 | INFO: Extracting primitive: Cylinder.066
22:05:53 | INFO: Primitives created: 1
22:05:53 | INFO: Extracting primitive: Cylinder.068
22:05:53 | INFO: Primitives created: 1
22:05:53 | INFO: Extracting primitive: Cylinder.070
22:05:53 | INFO: Primitives created: 1
22:05:53 | INFO: Extracting primitive: Cylinder.072
22:05:53 | INFO: Primitives created: 1
22:05:53 | INFO: Extracting primitive: Cube.152
22:05:53 | INFO: Primitives created: 1
22:05:53 | INFO: Extracting primitive: Cube.185
22:05:53 | INFO: Primitives created: 1
22:05:53 | INFO: Extracting primitive: Cube.220
22:05:53 | INFO: Primitives created: 1
22:05:53 | INFO: Extracting primitive: Cube.223
22:05:53 | INFO: Primitives created: 1
22:05:53 | INFO: Extracting primitive: Cube.179
22:05:53 | INFO: Primitives created: 1
22:05:53 | INFO: Extracting primitive: Cube.180
22:05:53 | INFO: Primitives created: 1
22:05:53 | INFO: Extracting primitive: Cube.181
22:05:53 | INFO: Primitives created: 1
22:05:53 | INFO: Extracting primitive: Cube.182
22:05:53 | INFO: Primitives created: 1
22:05:53 | INFO: Extracting primitive: Cube.183
22:05:53 | INFO: Primitives created: 1
22:05:53 | INFO: Extracting primitive: Cube.184
22:05:53 | INFO: Primitives created: 1
22:05:53 | INFO: Extracting primitive: Cube.212
22:05:53 | INFO: Primitives created: 1
22:05:53 | INFO: Extracting primitive: Cube.213
22:05:53 | INFO: Primitives created: 1
22:05:53 | INFO: Extracting primitive: Cube.214
22:05:53 | INFO: Primitives created: 1
22:05:53 | INFO: Extracting primitive: Cube.215
22:05:53 | INFO: Primitives created: 1
22:05:53 | INFO: Extracting primitive: Cube.216
22:05:53 | INFO: Primitives created: 1
22:05:53 | INFO: Extracting primitive: Cube.217
22:05:53 | INFO: Primitives created: 1
22:05:53 | INFO: Extracting primitive: Cube.154
22:05:53 | INFO: Primitives created: 1
22:05:53 | INFO: Extracting primitive: Cube.156
22:05:53 | INFO: Primitives created: 1
22:05:53 | INFO: Extracting primitive: Cube.158
22:05:53 | INFO: Primitives created: 1
22:05:53 | INFO: Extracting primitive: Cube.160
22:05:53 | INFO: Primitives created: 1
22:05:53 | INFO: Extracting primitive: Cube.162
22:05:53 | INFO: Primitives created: 1
22:05:53 | INFO: Extracting primitive: Cube.164
22:05:53 | INFO: Primitives created: 1
22:05:53 | INFO: Extracting primitive: Cube.166
22:05:53 | INFO: Primitives created: 1
22:05:53 | INFO: Extracting primitive: Cube.168
22:05:53 | INFO: Primitives created: 1
22:05:53 | INFO: Extracting primitive: Cube.170
22:05:53 | INFO: Primitives created: 1
22:05:53 | INFO: Extracting primitive: Cube.172
22:05:53 | INFO: Primitives created: 1
22:05:53 | INFO: Extracting primitive: Cube.174
22:05:53 | INFO: Primitives created: 1
22:05:53 | INFO: Extracting primitive: Cube.176
22:05:53 | INFO: Primitives created: 1
22:05:53 | INFO: Extracting primitive: Cube.178
22:05:53 | INFO: Primitives created: 1
22:05:53 | INFO: Extracting primitive: Cube.187
22:05:53 | INFO: Primitives created: 1
22:05:53 | INFO: Extracting primitive: Cube.189
22:05:53 | INFO: Primitives created: 1
22:05:53 | INFO: Extracting primitive: Cube.191
22:05:53 | INFO: Primitives created: 1
22:05:53 | INFO: Extracting primitive: Cube.193
22:05:53 | INFO: Primitives created: 1
22:05:53 | INFO: Extracting primitive: Cube.195
22:05:53 | INFO: Primitives created: 1
22:05:53 | INFO: Extracting primitive: Cube.197
22:05:53 | INFO: Primitives created: 1
22:05:53 | INFO: Extracting primitive: Cube.199
22:05:53 | INFO: Primitives created: 1
22:05:53 | INFO: Extracting primitive: Cube.201
22:05:53 | INFO: Primitives created: 1
22:05:53 | INFO: Extracting primitive: Cube.203
22:05:53 | INFO: Primitives created: 1
22:05:53 | INFO: Extracting primitive: Cube.205
22:05:53 | INFO: Primitives created: 1
22:05:53 | INFO: Extracting primitive: Cube.207
22:05:53 | INFO: Primitives created: 1
22:05:53 | INFO: Extracting primitive: Cube.209
22:05:53 | INFO: Primitives created: 1
22:05:53 | INFO: Extracting primitive: Cube.211
22:05:53 | INFO: Primitives created: 1
22:05:53 | INFO: Extracting primitive: Cube.153
22:05:53 | INFO: Primitives created: 1
22:05:53 | INFO: Extracting primitive: Cube.155
22:05:53 | INFO: Primitives created: 1
22:05:53 | INFO: Extracting primitive: Cube.157
22:05:53 | INFO: Primitives created: 1
22:05:53 | INFO: Extracting primitive: Cube.159
22:05:53 | INFO: Primitives created: 1
22:05:53 | INFO: Extracting primitive: Cube.161
22:05:53 | INFO: Primitives created: 1
22:05:53 | INFO: Extracting primitive: Cube.163
22:05:53 | INFO: Primitives created: 1
22:05:53 | INFO: Extracting primitive: Cube.165
22:05:53 | INFO: Primitives created: 1
22:05:53 | INFO: Extracting primitive: Cube.167
22:05:53 | INFO: Primitives created: 1
22:05:53 | INFO: Extracting primitive: Cube.169
22:05:53 | INFO: Primitives created: 1
22:05:53 | INFO: Extracting primitive: Cube.171
22:05:53 | INFO: Primitives created: 1
22:05:53 | INFO: Extracting primitive: Cube.173
22:05:53 | INFO: Primitives created: 1
22:05:53 | INFO: Extracting primitive: Cube.175
22:05:53 | INFO: Primitives created: 1
22:05:53 | INFO: Extracting primitive: Cube.177
22:05:53 | INFO: Primitives created: 1
22:05:53 | INFO: Extracting primitive: Cube.186
22:05:53 | INFO: Primitives created: 1
22:05:53 | INFO: Extracting primitive: Cube.188
22:05:53 | INFO: Primitives created: 1
22:05:53 | INFO: Extracting primitive: Cube.190
22:05:53 | INFO: Primitives created: 1
22:05:53 | INFO: Extracting primitive: Cube.192
22:05:53 | INFO: Primitives created: 1
22:05:53 | INFO: Extracting primitive: Cube.194
22:05:53 | INFO: Primitives created: 1
22:05:53 | INFO: Extracting primitive: Cube.196
22:05:53 | INFO: Primitives created: 1
22:05:53 | INFO: Extracting primitive: Cube.198
22:05:53 | INFO: Primitives created: 1
22:05:53 | INFO: Extracting primitive: Cube.200
22:05:53 | INFO: Primitives created: 1
22:05:53 | INFO: Extracting primitive: Cube.202
22:05:53 | INFO: Primitives created: 1
22:05:53 | INFO: Extracting primitive: Cube.204
22:05:53 | INFO: Primitives created: 1
22:05:53 | INFO: Extracting primitive: Cube.206
22:05:53 | INFO: Primitives created: 1
22:05:53 | INFO: Extracting primitive: Cube.208
22:05:53 | INFO: Primitives created: 1
22:05:53 | INFO: Extracting primitive: Cube.210
22:05:53 | INFO: Primitives created: 1
22:05:53 | INFO: Extracting primitive: Cube.219
22:05:53 | INFO: Primitives created: 1
22:05:53 | INFO: Extracting primitive: Cylinder.059
22:05:53 | INFO: Primitives created: 1
22:05:53 | INFO: Extracting primitive: Cylinder.061
22:05:53 | INFO: Primitives created: 1
22:05:53 | INFO: Extracting primitive: Cylinder.063
22:05:53 | INFO: Primitives created: 1
22:05:53 | INFO: Extracting primitive: Cylinder.065
22:05:53 | INFO: Primitives created: 1
22:05:53 | INFO: Extracting primitive: Cylinder.067
22:05:53 | INFO: Primitives created: 1
22:05:53 | INFO: Extracting primitive: Cylinder.069
22:05:53 | INFO: Primitives created: 1
22:05:53 | INFO: Extracting primitive: Cylinder.071
22:05:53 | INFO: Primitives created: 1
22:05:53 | INFO: Extracting primitive: Cylinder.073
22:05:53 | INFO: Primitives created: 1
22:05:53 | INFO: Extracting primitive: Cylinder.082
22:05:53 | INFO: Primitives created: 1
22:05:53 | INFO: Extracting primitive: Sphere
22:05:53 | INFO: Primitives created: 1
22:05:53 | INFO: Extracting primitive: Cube.232
22:05:53 | INFO: Primitives created: 1
22:05:53 | INFO: Extracting primitive: Cylinder.084
22:05:53 | INFO: Primitives created: 1
22:05:53 | INFO: Extracting primitive: Cylinder.087
22:05:53 | INFO: Primitives created: 1
22:05:53 | INFO: Extracting primitive: Cylinder.085
22:05:53 | INFO: Primitives created: 1
22:05:53 | INFO: Extracting primitive: Cylinder.086
22:05:53 | INFO: Primitives created: 1
22:05:53 | INFO: Extracting primitive: Cylinder.081
22:05:53 | INFO: Primitives created: 1
22:05:53 | INFO: Extracting primitive: Cube.235
22:05:53 | INFO: Primitives created: 1
22:05:53 | INFO: Extracting primitive: Cylinder.080
22:05:53 | INFO: Primitives created: 1
22:05:53 | INFO: Extracting primitive: Cube.233
22:05:53 | INFO: Primitives created: 1
22:05:53 | INFO: Extracting primitive: Cube.234
22:05:53 | INFO: Primitives created: 1
22:05:53 | INFO: Extracting primitive: Cube.236
22:05:53 | INFO: Primitives created: 1
22:05:53 | INFO: Extracting primitive: Cylinder.083
22:05:53 | INFO: Primitives created: 1
22:05:53 | INFO: Finished glTF 2.0 export in 0.08480477333068848 s

22:05:53 | INFO: Starting glTF 2.0 export
22:05:53 | INFO: Extracting primitive: Cylinder.106
22:05:53 | INFO: Primitives created: 1
22:05:53 | INFO: Extracting primitive: Cylinder.107
22:05:53 | INFO: Primitives created: 1
22:05:53 | INFO: Extracting primitive: Cylinder.108
22:05:53 | INFO: Primitives created: 1
22:05:53 | INFO: Extracting primitive: Cylinder.109
22:05:53 | INFO: Primitives created: 1
22:05:53 | INFO: Extracting primitive: Cylinder.104
22:05:53 | INFO: Primitives created: 1
22:05:53 | INFO: Extracting primitive: Cylinder.105
22:05:53 | INFO: Primitives created: 1
22:05:53 | INFO: Extracting primitive: Cube.294
22:05:53 | INFO: Primitives created: 1
22:05:53 | INFO: Extracting primitive: Cube.297
22:05:53 | INFO: Primitives created: 1
22:05:53 | INFO: Extracting primitive: Cube.295
22:05:53 | INFO: Primitives created: 1
22:05:53 | INFO: Extracting primitive: Cube.298
22:05:53 | INFO: Primitives created: 1
22:05:53 | INFO: Extracting primitive: Cube.304
22:05:53 | INFO: Primitives created: 1
22:05:53 | INFO: Extracting primitive: Cube.291
22:05:53 | INFO: Primitives created: 1
22:05:53 | INFO: Extracting primitive: Cube.299
22:05:53 | INFO: Primitives created: 1
22:05:53 | INFO: Extracting primitive: Cube.300
22:05:53 | INFO: Primitives created: 1
22:05:53 | INFO: Extracting primitive: Cube.301
22:05:53 | INFO: Primitives created: 1
22:05:53 | INFO: Extracting primitive: Cube.302
22:05:53 | INFO: Primitives created: 1
22:05:53 | INFO: Extracting primitive: Cube.303
22:05:53 | INFO: Primitives created: 1
22:05:53 | INFO: Extracting primitive: Cylinder.088
22:05:53 | INFO: Primitives created: 1
22:05:53 | INFO: Extracting primitive: Cylinder.090
22:05:53 | INFO: Primitives created: 1
22:05:53 | INFO: Extracting primitive: Cylinder.092
22:05:53 | INFO: Primitives created: 1
22:05:53 | INFO: Extracting primitive: Cylinder.094
22:05:53 | INFO: Primitives created: 1
22:05:53 | INFO: Extracting primitive: Cylinder.096
22:05:53 | INFO: Primitives created: 1
22:05:53 | INFO: Extracting primitive: Cylinder.098
22:05:53 | INFO: Primitives created: 1
22:05:53 | INFO: Extracting primitive: Cylinder.100
22:05:53 | INFO: Primitives created: 1
22:05:53 | INFO: Extracting primitive: Cylinder.102
22:05:53 | INFO: Primitives created: 1
22:05:53 | INFO: Extracting primitive: Cube.237
22:05:53 | INFO: Primitives created: 1
22:05:53 | INFO: Extracting primitive: Cube.264
22:05:53 | INFO: Primitives created: 1
22:05:53 | INFO: Extracting primitive: Cube.293
22:05:53 | INFO: Primitives created: 1
22:05:53 | INFO: Extracting primitive: Cube.296
22:05:53 | INFO: Primitives created: 1
22:05:53 | INFO: Extracting primitive: Cube.258
22:05:53 | INFO: Primitives created: 1
22:05:53 | INFO: Extracting primitive: Cube.259
22:05:53 | INFO: Primitives created: 1
22:05:53 | INFO: Extracting primitive: Cube.260
22:05:53 | INFO: Primitives created: 1
22:05:53 | INFO: Extracting primitive: Cube.261
22:05:53 | INFO: Primitives created: 1
22:05:53 | INFO: Extracting primitive: Cube.262
22:05:53 | INFO: Primitives created: 1
22:05:53 | INFO: Extracting primitive: Cube.263
22:05:53 | INFO: Primitives created: 1
22:05:53 | INFO: Extracting primitive: Cube.285
22:05:53 | INFO: Primitives created: 1
22:05:53 | INFO: Extracting primitive: Cube.286
22:05:53 | INFO: Primitives created: 1
22:05:53 | INFO: Extracting primitive: Cube.287
22:05:53 | INFO: Primitives created: 1
22:05:53 | INFO: Extracting primitive: Cube.288
22:05:53 | INFO: Primitives created: 1
22:05:53 | INFO: Extracting primitive: Cube.289
22:05:53 | INFO: Primitives created: 1
22:05:53 | INFO: Extracting primitive: Cube.290
22:05:53 | INFO: Primitives created: 1
22:05:53 | INFO: Extracting primitive: Cube.239
22:05:53 | INFO: Primitives created: 1
22:05:53 | INFO: Extracting primitive: Cube.241
22:05:53 | INFO: Primitives created: 1
22:05:53 | INFO: Extracting primitive: Cube.243
22:05:53 | INFO: Primitives created: 1
22:05:53 | INFO: Extracting primitive: Cube.245
22:05:53 | INFO: Primitives created: 1
22:05:53 | INFO: Extracting primitive: Cube.247
22:05:53 | INFO: Primitives created: 1
22:05:53 | INFO: Extracting primitive: Cube.249
22:05:53 | INFO: Primitives created: 1
22:05:53 | INFO: Extracting primitive: Cube.251
22:05:53 | INFO: Primitives created: 1
22:05:53 | INFO: Extracting primitive: Cube.253
22:05:53 | INFO: Primitives created: 1
22:05:53 | INFO: Extracting primitive: Cube.255
22:05:53 | INFO: Primitives created: 1
22:05:53 | INFO: Extracting primitive: Cube.257
22:05:53 | INFO: Primitives created: 1
22:05:53 | INFO: Extracting primitive: Cube.266
22:05:53 | INFO: Primitives created: 1
22:05:53 | INFO: Extracting primitive: Cube.268
22:05:53 | INFO: Primitives created: 1
22:05:53 | INFO: Extracting primitive: Cube.270
22:05:53 | INFO: Primitives created: 1
22:05:53 | INFO: Extracting primitive: Cube.272
22:05:53 | INFO: Primitives created: 1
22:05:53 | INFO: Extracting primitive: Cube.274
22:05:53 | INFO: Primitives created: 1
22:05:53 | INFO: Extracting primitive: Cube.276
22:05:53 | INFO: Primitives created: 1
22:05:53 | INFO: Extracting primitive: Cube.278
22:05:53 | INFO: Primitives created: 1
22:05:53 | INFO: Extracting primitive: Cube.280
22:05:53 | INFO: Primitives created: 1
22:05:53 | INFO: Extracting primitive: Cube.282
22:05:53 | INFO: Primitives created: 1
22:05:53 | INFO: Extracting primitive: Cube.284
22:05:53 | INFO: Primitives created: 1
22:05:53 | INFO: Extracting primitive: Cube.238
22:05:53 | INFO: Primitives created: 1
22:05:53 | INFO: Extracting primitive: Cube.240
22:05:53 | INFO: Primitives created: 1
22:05:53 | INFO: Extracting primitive: Cube.242
22:05:53 | INFO: Primitives created: 1
22:05:53 | INFO: Extracting primitive: Cube.244
22:05:53 | INFO: Primitives created: 1
22:05:53 | INFO: Extracting primitive: Cube.246
22:05:53 | INFO: Primitives created: 1
22:05:53 | INFO: Extracting primitive: Cube.248
22:05:53 | INFO: Primitives created: 1
22:05:53 | INFO: Extracting primitive: Cube.250
22:05:53 | INFO: Primitives created: 1
22:05:53 | INFO: Extracting primitive: Cube.252
22:05:53 | INFO: Primitives created: 1
22:05:53 | INFO: Extracting primitive: Cube.254
22:05:53 | INFO: Primitives created: 1
22:05:53 | INFO: Extracting primitive: Cube.256
22:05:53 | INFO: Primitives created: 1
22:05:53 | INFO: Extracting primitive: Cube.265
22:05:53 | INFO: Primitives created: 1
22:05:53 | INFO: Extracting primitive: Cube.267
22:05:53 | INFO: Primitives created: 1
22:05:53 | INFO: Extracting primitive: Cube.269
22:05:53 | INFO: Primitives created: 1
22:05:53 | INFO: Extracting primitive: Cube.271
22:05:53 | INFO: Primitives created: 1
22:05:53 | INFO: Extracting primitive: Cube.273
22:05:53 | INFO: Primitives created: 1
22:05:53 | INFO: Extracting primitive: Cube.275
22:05:53 | INFO: Primitives created: 1
22:05:53 | INFO: Extracting primitive: Cube.277
22:05:53 | INFO: Primitives created: 1
22:05:53 | INFO: Extracting primitive: Cube.279
22:05:53 | INFO: Primitives created: 1
22:05:53 | INFO: Extracting primitive: Cube.281
22:05:53 | INFO: Primitives created: 1
22:05:53 | INFO: Extracting primitive: Cube.283
22:05:53 | INFO: Primitives created: 1
22:05:53 | INFO: Extracting primitive: Cube.292
22:05:53 | INFO: Primitives created: 1
22:05:53 | INFO: Extracting primitive: Cylinder.089
22:05:53 | INFO: Primitives created: 1
22:05:53 | INFO: Extracting primitive: Cylinder.091
22:05:53 | INFO: Primitives created: 1
22:05:53 | INFO: Extracting primitive: Cylinder.093
22:05:53 | INFO: Primitives created: 1
22:05:53 | INFO: Extracting primitive: Cylinder.095
22:05:53 | INFO: Primitives created: 1
22:05:53 | INFO: Extracting primitive: Cylinder.097
22:05:53 | INFO: Primitives created: 1
22:05:53 | INFO: Extracting primitive: Cylinder.099
22:05:53 | INFO: Primitives created: 1
22:05:53 | INFO: Extracting primitive: Cylinder.101
22:05:53 | INFO: Primitives created: 1
22:05:53 | INFO: Extracting primitive: Cylinder.103
22:05:53 | INFO: Primitives created: 1
22:05:53 | INFO: Extracting primitive: Cylinder.113
22:05:53 | INFO: Primitives created: 1
22:05:53 | INFO: Extracting primitive: Cylinder.116
22:05:53 | INFO: Primitives created: 1
22:05:53 | INFO: Extracting primitive: Cylinder.114
22:05:53 | INFO: Primitives created: 1
22:05:53 | INFO: Extracting primitive: Cylinder.115
22:05:53 | INFO: Primitives created: 1
22:05:53 | INFO: Extracting primitive: Cylinder.112
22:05:53 | INFO: Primitives created: 1
22:05:53 | INFO: Extracting primitive: Cube.305
22:05:53 | INFO: Primitives created: 1
22:05:53 | INFO: Extracting primitive: Cylinder.111
22:05:53 | INFO: Primitives created: 1
22:05:53 | INFO: Extracting primitive: Cylinder.110
22:05:53 | INFO: Primitives created: 1
22:05:53 | INFO: Extracting primitive: Cube.306
22:05:53 | INFO: Primitives created: 1
22:05:53 | INFO: Finished glTF 2.0 export in 0.07348299026489258 s

22:05:53 | INFO: Starting glTF 2.0 export
22:05:53 | INFO: Extracting primitive: Cylinder.135
22:05:53 | INFO: Primitives created: 1
22:05:53 | INFO: Extracting primitive: Cylinder.136
22:05:53 | INFO: Primitives created: 1
22:05:53 | INFO: Extracting primitive: Cylinder.137
22:05:53 | INFO: Primitives created: 1
22:05:53 | INFO: Extracting primitive: Cylinder.138
22:05:53 | INFO: Primitives created: 1
22:05:53 | INFO: Extracting primitive: Cylinder.133
22:05:53 | INFO: Primitives created: 1
22:05:53 | INFO: Extracting primitive: Cylinder.134
22:05:53 | INFO: Primitives created: 1
22:05:53 | INFO: Extracting primitive: Cube.376
22:05:53 | INFO: Primitives created: 1
22:05:53 | INFO: Extracting primitive: Cube.379
22:05:53 | INFO: Primitives created: 1
22:05:53 | INFO: Extracting primitive: Cube.377
22:05:53 | INFO: Primitives created: 1
22:05:53 | INFO: Extracting primitive: Cube.380
22:05:53 | INFO: Primitives created: 1
22:05:53 | INFO: Extracting primitive: Cube.386
22:05:53 | INFO: Primitives created: 1
22:05:53 | INFO: Extracting primitive: Cube.373
22:05:53 | INFO: Primitives created: 1
22:05:53 | INFO: Extracting primitive: Cube.381
22:05:53 | INFO: Primitives created: 1
22:05:53 | INFO: Extracting primitive: Cube.382
22:05:53 | INFO: Primitives created: 1
22:05:53 | INFO: Extracting primitive: Cube.383
22:05:53 | INFO: Primitives created: 1
22:05:53 | INFO: Extracting primitive: Cube.384
22:05:53 | INFO: Primitives created: 1
22:05:53 | INFO: Extracting primitive: Cube.385
22:05:53 | INFO: Primitives created: 1
22:05:53 | INFO: Extracting primitive: Cylinder.117
22:05:53 | INFO: Primitives created: 1
22:05:53 | INFO: Extracting primitive: Cylinder.119
22:05:53 | INFO: Primitives created: 1
22:05:53 | INFO: Extracting primitive: Cylinder.121
22:05:53 | INFO: Primitives created: 1
22:05:53 | INFO: Extracting primitive: Cylinder.123
22:05:53 | INFO: Primitives created: 1
22:05:53 | INFO: Extracting primitive: Cylinder.125
22:05:53 | INFO: Primitives created: 1
22:05:53 | INFO: Extracting primitive: Cylinder.127
22:05:53 | INFO: Primitives created: 1
22:05:53 | INFO: Extracting primitive: Cylinder.129
22:05:53 | INFO: Primitives created: 1
22:05:53 | INFO: Extracting primitive: Cylinder.131
22:05:53 | INFO: Primitives created: 1
22:05:53 | INFO: Extracting primitive: Cube.307
22:05:53 | INFO: Primitives created: 1
22:05:53 | INFO: Extracting primitive: Cube.340
22:05:53 | INFO: Primitives created: 1
22:05:53 | INFO: Extracting primitive: Cube.375
22:05:53 | INFO: Primitives created: 1
22:05:53 | INFO: Extracting primitive: Cube.378
22:05:53 | INFO: Primitives created: 1
22:05:53 | INFO: Extracting primitive: Cube.334
22:05:53 | INFO: Primitives created: 1
22:05:53 | INFO: Extracting primitive: Cube.335
22:05:53 | INFO: Primitives created: 1
22:05:53 | INFO: Extracting primitive: Cube.336
22:05:53 | INFO: Primitives created: 1
22:05:53 | INFO: Extracting primitive: Cube.337
22:05:53 | INFO: Primitives created: 1
22:05:53 | INFO: Extracting primitive: Cube.338
22:05:53 | INFO: Primitives created: 1
22:05:53 | INFO: Extracting primitive: Cube.339
22:05:53 | INFO: Primitives created: 1
22:05:53 | INFO: Extracting primitive: Cube.367
22:05:53 | INFO: Primitives created: 1
22:05:53 | INFO: Extracting primitive: Cube.368
22:05:53 | INFO: Primitives created: 1
22:05:53 | INFO: Extracting primitive: Cube.369
22:05:53 | INFO: Primitives created: 1
22:05:53 | INFO: Extracting primitive: Cube.370
22:05:53 | INFO: Primitives created: 1
22:05:53 | INFO: Extracting primitive: Cube.371
22:05:53 | INFO: Primitives created: 1
22:05:53 | INFO: Extracting primitive: Cube.372
22:05:53 | INFO: Primitives created: 1
22:05:53 | INFO: Extracting primitive: Cube.309
22:05:53 | INFO: Primitives created: 1
22:05:53 | INFO: Extracting primitive: Cube.311
22:05:53 | INFO: Primitives created: 1
22:05:53 | INFO: Extracting primitive: Cube.313
22:05:53 | INFO: Primitives created: 1
22:05:53 | INFO: Extracting primitive: Cube.315
22:05:53 | INFO: Primitives created: 1
22:05:53 | INFO: Extracting primitive: Cube.317
22:05:53 | INFO: Primitives created: 1
22:05:53 | INFO: Extracting primitive: Cube.319
22:05:53 | INFO: Primitives created: 1
22:05:53 | INFO: Extracting primitive: Cube.321
22:05:53 | INFO: Primitives created: 1
22:05:53 | INFO: Extracting primitive: Cube.323
22:05:53 | INFO: Primitives created: 1
22:05:53 | INFO: Extracting primitive: Cube.325
22:05:53 | INFO: Primitives created: 1
22:05:53 | INFO: Extracting primitive: Cube.327
22:05:53 | INFO: Primitives created: 1
22:05:53 | INFO: Extracting primitive: Cube.329
22:05:53 | INFO: Primitives created: 1
22:05:53 | INFO: Extracting primitive: Cube.331
22:05:53 | INFO: Primitives created: 1
22:05:53 | INFO: Extracting primitive: Cube.333
22:05:53 | INFO: Primitives created: 1
22:05:53 | INFO: Extracting primitive: Cube.342
22:05:53 | INFO: Primitives created: 1
22:05:53 | INFO: Extracting primitive: Cube.344
22:05:53 | INFO: Primitives created: 1
22:05:53 | INFO: Extracting primitive: Cube.346
22:05:53 | INFO: Primitives created: 1
22:05:53 | INFO: Extracting primitive: Cube.348
22:05:53 | INFO: Primitives created: 1
22:05:53 | INFO: Extracting primitive: Cube.350
22:05:53 | INFO: Primitives created: 1
22:05:53 | INFO: Extracting primitive: Cube.352
22:05:53 | INFO: Primitives created: 1
22:05:53 | INFO: Extracting primitive: Cube.354
22:05:53 | INFO: Primitives created: 1
22:05:53 | INFO: Extracting primitive: Cube.356
22:05:53 | INFO: Primitives created: 1
22:05:53 | INFO: Extracting primitive: Cube.358
22:05:53 | INFO: Primitives created: 1
22:05:53 | INFO: Extracting primitive: Cube.360
22:05:53 | INFO: Primitives created: 1
22:05:53 | INFO: Extracting primitive: Cube.362
22:05:53 | INFO: Primitives created: 1
22:05:53 | INFO: Extracting primitive: Cube.364
22:05:53 | INFO: Primitives created: 1
22:05:53 | INFO: Extracting primitive: Cube.366
22:05:53 | INFO: Primitives created: 1
22:05:53 | INFO: Extracting primitive: Cube.308
22:05:53 | INFO: Primitives created: 1
22:05:53 | INFO: Extracting primitive: Cube.310
22:05:53 | INFO: Primitives created: 1
22:05:53 | INFO: Extracting primitive: Cube.312
22:05:53 | INFO: Primitives created: 1
22:05:53 | INFO: Extracting primitive: Cube.314
22:05:53 | INFO: Primitives created: 1
22:05:53 | INFO: Extracting primitive: Cube.316
22:05:53 | INFO: Primitives created: 1
22:05:53 | INFO: Extracting primitive: Cube.318
22:05:53 | INFO: Primitives created: 1
22:05:53 | INFO: Extracting primitive: Cube.320
22:05:53 | INFO: Primitives created: 1
22:05:53 | INFO: Extracting primitive: Cube.322
22:05:53 | INFO: Primitives created: 1
22:05:53 | INFO: Extracting primitive: Cube.324
22:05:53 | INFO: Primitives created: 1
22:05:53 | INFO: Extracting primitive: Cube.326
22:05:53 | INFO: Primitives created: 1
22:05:53 | INFO: Extracting primitive: Cube.328
22:05:53 | INFO: Primitives created: 1
22:05:53 | INFO: Extracting primitive: Cube.330
22:05:53 | INFO: Primitives created: 1
22:05:53 | INFO: Extracting primitive: Cube.332
22:05:53 | INFO: Primitives created: 1
22:05:53 | INFO: Extracting primitive: Cube.341
22:05:53 | INFO: Primitives created: 1
22:05:53 | INFO: Extracting primitive: Cube.343
22:05:53 | INFO: Primitives created: 1
22:05:53 | INFO: Extracting primitive: Cube.345
22:05:53 | INFO: Primitives created: 1
22:05:53 | INFO: Extracting primitive: Cube.347
22:05:53 | INFO: Primitives created: 1
22:05:53 | INFO: Extracting primitive: Cube.349
22:05:53 | INFO: Primitives created: 1
22:05:53 | INFO: Extracting primitive: Cube.351
22:05:53 | INFO: Primitives created: 1
22:05:53 | INFO: Extracting primitive: Cube.353
22:05:53 | INFO: Primitives created: 1
22:05:53 | INFO: Extracting primitive: Cube.355
22:05:53 | INFO: Primitives created: 1
22:05:53 | INFO: Extracting primitive: Cube.357
22:05:53 | INFO: Primitives created: 1
22:05:53 | INFO: Extracting primitive: Cube.359
22:05:53 | INFO: Primitives created: 1
22:05:53 | INFO: Extracting primitive: Cube.361
22:05:53 | INFO: Primitives created: 1
22:05:53 | INFO: Extracting primitive: Cube.363
22:05:53 | INFO: Primitives created: 1
22:05:53 | INFO: Extracting primitive: Cube.365
22:05:53 | INFO: Primitives created: 1
22:05:53 | INFO: Extracting primitive: Cube.374
22:05:53 | INFO: Primitives created: 1
22:05:53 | INFO: Extracting primitive: Cylinder.118
22:05:53 | INFO: Primitives created: 1
22:05:53 | INFO: Extracting primitive: Cylinder.120
22:05:53 | INFO: Primitives created: 1
22:05:53 | INFO: Extracting primitive: Cylinder.122
22:05:53 | INFO: Primitives created: 1
22:05:53 | INFO: Extracting primitive: Cylinder.124
22:05:53 | INFO: Primitives created: 1
22:05:53 | INFO: Extracting primitive: Cylinder.126
22:05:53 | INFO: Primitives created: 1
22:05:53 | INFO: Extracting primitive: Cylinder.128
22:05:53 | INFO: Primitives created: 1
22:05:53 | INFO: Extracting primitive: Cylinder.130
22:05:53 | INFO: Primitives created: 1
22:05:53 | INFO: Extracting primitive: Cylinder.132
22:05:53 | INFO: Primitives created: 1
22:05:53 | INFO: Extracting primitive: Cylinder.142
22:05:53 | INFO: Primitives created: 1
22:05:53 | INFO: Extracting primitive: Cylinder.145
22:05:53 | INFO: Primitives created: 1
22:05:53 | INFO: Extracting primitive: Cylinder.143
22:05:53 | INFO: Primitives created: 1
22:05:53 | INFO: Extracting primitive: Cylinder.144
22:05:53 | INFO: Primitives created: 1
22:05:53 | INFO: Extracting primitive: Cylinder.141
22:05:53 | INFO: Primitives created: 1
22:05:53 | INFO: Extracting primitive: Cylinder.140
22:05:53 | INFO: Primitives created: 1
22:05:53 | INFO: Extracting primitive: Cube.387
22:05:53 | INFO: Primitives created: 1
22:05:53 | INFO: Extracting primitive: Cylinder.139
22:05:53 | INFO: Primitives created: 1
22:05:53 | INFO: Extracting primitive: Cube.388
22:05:53 | INFO: Primitives created: 1
22:05:53 | INFO: Finished glTF 2.0 export in 0.09288501739501953 s

22:05:53 | INFO: Starting glTF 2.0 export
22:05:53 | INFO: Extracting primitive: Cylinder.164
22:05:53 | INFO: Primitives created: 1
22:05:53 | INFO: Extracting primitive: Cylinder.165
22:05:53 | INFO: Primitives created: 1
22:05:53 | INFO: Extracting primitive: Cylinder.166
22:05:53 | INFO: Primitives created: 1
22:05:53 | INFO: Extracting primitive: Cylinder.167
22:05:53 | INFO: Primitives created: 1
22:05:53 | INFO: Extracting primitive: Cylinder.162
22:05:53 | INFO: Primitives created: 1
22:05:53 | INFO: Extracting primitive: Cylinder.163
22:05:53 | INFO: Primitives created: 1
22:05:53 | INFO: Extracting primitive: Cube.446
22:05:53 | INFO: Primitives created: 1
22:05:53 | INFO: Extracting primitive: Cube.449
22:05:53 | INFO: Primitives created: 1
22:05:53 | INFO: Extracting primitive: Cube.447
22:05:53 | INFO: Primitives created: 1
22:05:53 | INFO: Extracting primitive: Cube.450
22:05:53 | INFO: Primitives created: 1
22:05:53 | INFO: Extracting primitive: Cube.456
22:05:53 | INFO: Primitives created: 1
22:05:53 | INFO: Extracting primitive: Cube.443
22:05:53 | INFO: Primitives created: 1
22:05:53 | INFO: Extracting primitive: Cube.451
22:05:53 | INFO: Primitives created: 1
22:05:53 | INFO: Extracting primitive: Cube.452
22:05:53 | INFO: Primitives created: 1
22:05:53 | INFO: Extracting primitive: Cube.453
22:05:53 | INFO: Primitives created: 1
22:05:53 | INFO: Extracting primitive: Cube.454
22:05:53 | INFO: Primitives created: 1
22:05:53 | INFO: Extracting primitive: Cube.455
22:05:53 | INFO: Primitives created: 1
22:05:53 | INFO: Extracting primitive: Cylinder.146
22:05:53 | INFO: Primitives created: 1
22:05:53 | INFO: Extracting primitive: Cylinder.148
22:05:53 | INFO: Primitives created: 1
22:05:53 | INFO: Extracting primitive: Cylinder.150
22:05:53 | INFO: Primitives created: 1
22:05:53 | INFO: Extracting primitive: Cylinder.152
22:05:53 | INFO: Primitives created: 1
22:05:53 | INFO: Extracting primitive: Cylinder.154
22:05:53 | INFO: Primitives created: 1
22:05:53 | INFO: Extracting primitive: Cylinder.156
22:05:53 | INFO: Primitives created: 1
22:05:53 | INFO: Extracting primitive: Cylinder.158
22:05:53 | INFO: Primitives created: 1
22:05:53 | INFO: Extracting primitive: Cylinder.160
22:05:53 | INFO: Primitives created: 1
22:05:53 | INFO: Extracting primitive: Cube.389
22:05:53 | INFO: Primitives created: 1
22:05:53 | INFO: Extracting primitive: Cube.416
22:05:53 | INFO: Primitives created: 1
22:05:53 | INFO: Extracting primitive: Cube.445
22:05:53 | INFO: Primitives created: 1
22:05:53 | INFO: Extracting primitive: Cube.448
22:05:53 | INFO: Primitives created: 1
22:05:53 | INFO: Extracting primitive: Cube.410
22:05:53 | INFO: Primitives created: 1
22:05:53 | INFO: Extracting primitive: Cube.411
22:05:53 | INFO: Primitives created: 1
22:05:53 | INFO: Extracting primitive: Cube.412
22:05:53 | INFO: Primitives created: 1
22:05:53 | INFO: Extracting primitive: Cube.413
22:05:53 | INFO: Primitives created: 1
22:05:53 | INFO: Extracting primitive: Cube.414
22:05:53 | INFO: Primitives created: 1
22:05:53 | INFO: Extracting primitive: Cube.415
22:05:53 | INFO: Primitives created: 1
22:05:53 | INFO: Extracting primitive: Cube.437
22:05:53 | INFO: Primitives created: 1
22:05:53 | INFO: Extracting primitive: Cube.438
22:05:53 | INFO: Primitives created: 1
22:05:53 | INFO: Extracting primitive: Cube.439
22:05:53 | INFO: Primitives created: 1
22:05:53 | INFO: Extracting primitive: Cube.440
22:05:53 | INFO: Primitives created: 1
22:05:53 | INFO: Extracting primitive: Cube.441
22:05:53 | INFO: Primitives created: 1
22:05:53 | INFO: Extracting primitive: Cube.442
22:05:53 | INFO: Primitives created: 1
22:05:53 | INFO: Extracting primitive: Cube.391
22:05:53 | INFO: Primitives created: 1
22:05:53 | INFO: Extracting primitive: Cube.393
22:05:53 | INFO: Primitives created: 1
22:05:53 | INFO: Extracting primitive: Cube.395
22:05:53 | INFO: Primitives created: 1
22:05:53 | INFO: Extracting primitive: Cube.397
22:05:53 | INFO: Primitives created: 1
22:05:53 | INFO: Extracting primitive: Cube.399
22:05:53 | INFO: Primitives created: 1
22:05:53 | INFO: Extracting primitive: Cube.401
22:05:53 | INFO: Primitives created: 1
22:05:53 | INFO: Extracting primitive: Cube.403
22:05:53 | INFO: Primitives created: 1
22:05:53 | INFO: Extracting primitive: Cube.405
22:05:53 | INFO: Primitives created: 1
22:05:53 | INFO: Extracting primitive: Cube.407
22:05:53 | INFO: Primitives created: 1
22:05:53 | INFO: Extracting primitive: Cube.409
22:05:53 | INFO: Primitives created: 1
22:05:53 | INFO: Extracting primitive: Cube.418
22:05:53 | INFO: Primitives created: 1
22:05:53 | INFO: Extracting primitive: Cube.420
22:05:53 | INFO: Primitives created: 1
22:05:53 | INFO: Extracting primitive: Cube.422
22:05:53 | INFO: Primitives created: 1
22:05:53 | INFO: Extracting primitive: Cube.424
22:05:53 | INFO: Primitives created: 1
22:05:53 | INFO: Extracting primitive: Cube.426
22:05:53 | INFO: Primitives created: 1
22:05:53 | INFO: Extracting primitive: Cube.428
22:05:53 | INFO: Primitives created: 1
22:05:53 | INFO: Extracting primitive: Cube.430
22:05:53 | INFO: Primitives created: 1
22:05:53 | INFO: Extracting primitive: Cube.432
22:05:53 | INFO: Primitives created: 1
22:05:53 | INFO: Extracting primitive: Cube.434
22:05:53 | INFO: Primitives created: 1
22:05:53 | INFO: Extracting primitive: Cube.436
22:05:53 | INFO: Primitives created: 1
22:05:53 | INFO: Extracting primitive: Cube.390
22:05:53 | INFO: Primitives created: 1
22:05:53 | INFO: Extracting primitive: Cube.392
22:05:53 | INFO: Primitives created: 1
22:05:53 | INFO: Extracting primitive: Cube.394
22:05:53 | INFO: Primitives created: 1
22:05:53 | INFO: Extracting primitive: Cube.396
22:05:53 | INFO: Primitives created: 1
22:05:53 | INFO: Extracting primitive: Cube.398
22:05:53 | INFO: Primitives created: 1
22:05:53 | INFO: Extracting primitive: Cube.400
22:05:53 | INFO: Primitives created: 1
22:05:53 | INFO: Extracting primitive: Cube.402
22:05:53 | INFO: Primitives created: 1
22:05:53 | INFO: Extracting primitive: Cube.404
22:05:53 | INFO: Primitives created: 1
22:05:53 | INFO: Extracting primitive: Cube.406
22:05:53 | INFO: Primitives created: 1
22:05:53 | INFO: Extracting primitive: Cube.408
22:05:53 | INFO: Primitives created: 1
22:05:53 | INFO: Extracting primitive: Cube.417
22:05:53 | INFO: Primitives created: 1
22:05:53 | INFO: Extracting primitive: Cube.419
22:05:53 | INFO: Primitives created: 1
22:05:53 | INFO: Extracting primitive: Cube.421
22:05:53 | INFO: Primitives created: 1
22:05:53 | INFO: Extracting primitive: Cube.423
22:05:53 | INFO: Primitives created: 1
22:05:53 | INFO: Extracting primitive: Cube.425
22:05:53 | INFO: Primitives created: 1
22:05:53 | INFO: Extracting primitive: Cube.427
22:05:53 | INFO: Primitives created: 1
22:05:53 | INFO: Extracting primitive: Cube.429
22:05:53 | INFO: Primitives created: 1
22:05:53 | INFO: Extracting primitive: Cube.431
22:05:53 | INFO: Primitives created: 1
22:05:53 | INFO: Extracting primitive: Cube.433
22:05:53 | INFO: Primitives created: 1
22:05:53 | INFO: Extracting primitive: Cube.435
22:05:53 | INFO: Primitives created: 1
22:05:53 | INFO: Extracting primitive: Cube.444
22:05:53 | INFO: Primitives created: 1
22:05:53 | INFO: Extracting primitive: Cylinder.147
22:05:53 | INFO: Primitives created: 1
22:05:53 | INFO: Extracting primitive: Cylinder.149
22:05:53 | INFO: Primitives created: 1
22:05:53 | INFO: Extracting primitive: Cylinder.151
22:05:53 | INFO: Primitives created: 1
22:05:53 | INFO: Extracting primitive: Cylinder.153
22:05:53 | INFO: Primitives created: 1
22:05:53 | INFO: Extracting primitive: Cylinder.155
22:05:53 | INFO: Primitives created: 1
22:05:53 | INFO: Extracting primitive: Cylinder.157
22:05:53 | INFO: Primitives created: 1
22:05:53 | INFO: Extracting primitive: Cylinder.159
22:05:53 | INFO: Primitives created: 1
22:05:53 | INFO: Extracting primitive: Cylinder.161
22:05:53 | INFO: Primitives created: 1
22:05:53 | INFO: Extracting primitive: Cube.457
22:05:53 | INFO: Primitives created: 1
22:05:53 | INFO: Extracting primitive: Cylinder.170
22:05:53 | INFO: Primitives created: 1
22:05:53 | INFO: Extracting primitive: Cylinder.173
22:05:53 | INFO: Primitives created: 1
22:05:53 | INFO: Extracting primitive: Cylinder.171
22:05:53 | INFO: Primitives created: 1
22:05:53 | INFO: Extracting primitive: Cylinder.172
22:05:53 | INFO: Primitives created: 1
22:05:53 | INFO: Extracting primitive: Cylinder.174
22:05:53 | INFO: Primitives created: 1
22:05:53 | INFO: Extracting primitive: Cylinder.177
22:05:53 | INFO: Primitives created: 1
22:05:53 | INFO: Extracting primitive: Cylinder.175
22:05:53 | INFO: Primitives created: 1
22:05:53 | INFO: Extracting primitive: Cylinder.176
22:05:53 | INFO: Primitives created: 1
22:05:53 | INFO: Extracting primitive: Cylinder.169
22:05:53 | INFO: Primitives created: 1
22:05:53 | INFO: Extracting primitive: Cube.460
22:05:53 | INFO: Primitives created: 1
22:05:53 | INFO: Extracting primitive: Cylinder.168
22:05:53 | INFO: Primitives created: 1
22:05:53 | INFO: Extracting primitive: Cube.458
22:05:53 | INFO: Primitives created: 1
22:05:53 | INFO: Extracting primitive: Cube.459
22:05:53 | INFO: Primitives created: 1
22:05:53 | INFO: Extracting primitive: Cube.461
22:05:53 | INFO: Primitives created: 1
22:05:53 | INFO: Finished glTF 2.0 export in 0.07721376419067383 s

22:05:53 | INFO: Starting glTF 2.0 export
22:05:53 | INFO: Extracting primitive: Cylinder.196
22:05:53 | INFO: Primitives created: 1
22:05:53 | INFO: Extracting primitive: Cylinder.197
22:05:53 | INFO: Primitives created: 1
22:05:53 | INFO: Extracting primitive: Cylinder.198
22:05:53 | INFO: Primitives created: 1
22:05:53 | INFO: Extracting primitive: Cylinder.199
22:05:53 | INFO: Primitives created: 1
22:05:53 | INFO: Extracting primitive: Cylinder.194
22:05:53 | INFO: Primitives created: 1
22:05:53 | INFO: Extracting primitive: Cylinder.195
22:05:53 | INFO: Primitives created: 1
22:05:53 | INFO: Extracting primitive: Cube.531
22:05:53 | INFO: Primitives created: 1
22:05:53 | INFO: Extracting primitive: Cube.534
22:05:53 | INFO: Primitives created: 1
22:05:53 | INFO: Extracting primitive: Cube.532
22:05:53 | INFO: Primitives created: 1
22:05:53 | INFO: Extracting primitive: Cube.535
22:05:53 | INFO: Primitives created: 1
22:05:53 | INFO: Extracting primitive: Cube.541
22:05:53 | INFO: Primitives created: 1
22:05:53 | INFO: Extracting primitive: Cube.528
22:05:53 | INFO: Primitives created: 1
22:05:53 | INFO: Extracting primitive: Cube.536
22:05:53 | INFO: Primitives created: 1
22:05:53 | INFO: Extracting primitive: Cube.537
22:05:53 | INFO: Primitives created: 1
22:05:53 | INFO: Extracting primitive: Cube.538
22:05:53 | INFO: Primitives created: 1
22:05:53 | INFO: Extracting primitive: Cube.539
22:05:53 | INFO: Primitives created: 1
22:05:53 | INFO: Extracting primitive: Cube.540
22:05:53 | INFO: Primitives created: 1
22:05:53 | INFO: Extracting primitive: Cylinder.178
22:05:53 | INFO: Primitives created: 1
22:05:53 | INFO: Extracting primitive: Cylinder.180
22:05:53 | INFO: Primitives created: 1
22:05:53 | INFO: Extracting primitive: Cylinder.182
22:05:53 | INFO: Primitives created: 1
22:05:53 | INFO: Extracting primitive: Cylinder.184
22:05:53 | INFO: Primitives created: 1
22:05:53 | INFO: Extracting primitive: Cylinder.186
22:05:53 | INFO: Primitives created: 1
22:05:53 | INFO: Extracting primitive: Cylinder.188
22:05:53 | INFO: Primitives created: 1
22:05:53 | INFO: Extracting primitive: Cylinder.190
22:05:53 | INFO: Primitives created: 1
22:05:53 | INFO: Extracting primitive: Cylinder.192
22:05:53 | INFO: Primitives created: 1
22:05:53 | INFO: Extracting primitive: Cube.462
22:05:53 | INFO: Primitives created: 1
22:05:53 | INFO: Extracting primitive: Cube.495
22:05:53 | INFO: Primitives created: 1
22:05:53 | INFO: Extracting primitive: Cube.530
22:05:53 | INFO: Primitives created: 1
22:05:53 | INFO: Extracting primitive: Cube.533
22:05:53 | INFO: Primitives created: 1
22:05:53 | INFO: Extracting primitive: Cube.489
22:05:53 | INFO: Primitives created: 1
22:05:53 | INFO: Extracting primitive: Cube.490
22:05:53 | INFO: Primitives created: 1
22:05:53 | INFO: Extracting primitive: Cube.491
22:05:53 | INFO: Primitives created: 1
22:05:53 | INFO: Extracting primitive: Cube.492
22:05:53 | INFO: Primitives created: 1
22:05:53 | INFO: Extracting primitive: Cube.493
22:05:53 | INFO: Primitives created: 1
22:05:53 | INFO: Extracting primitive: Cube.494
22:05:53 | INFO: Primitives created: 1
22:05:53 | INFO: Extracting primitive: Cube.522
22:05:53 | INFO: Primitives created: 1
22:05:53 | INFO: Extracting primitive: Cube.523
22:05:53 | INFO: Primitives created: 1
22:05:53 | INFO: Extracting primitive: Cube.524
22:05:53 | INFO: Primitives created: 1
22:05:53 | INFO: Extracting primitive: Cube.525
22:05:53 | INFO: Primitives created: 1
22:05:53 | INFO: Extracting primitive: Cube.526
22:05:53 | INFO: Primitives created: 1
22:05:53 | INFO: Extracting primitive: Cube.527
22:05:53 | INFO: Primitives created: 1
22:05:53 | INFO: Extracting primitive: Cube.464
22:05:53 | INFO: Primitives created: 1
22:05:53 | INFO: Extracting primitive: Cube.466
22:05:53 | INFO: Primitives created: 1
22:05:53 | INFO: Extracting primitive: Cube.468
22:05:53 | INFO: Primitives created: 1
22:05:53 | INFO: Extracting primitive: Cube.470
22:05:53 | INFO: Primitives created: 1
22:05:53 | INFO: Extracting primitive: Cube.472
22:05:53 | INFO: Primitives created: 1
22:05:53 | INFO: Extracting primitive: Cube.474
22:05:53 | INFO: Primitives created: 1
22:05:53 | INFO: Extracting primitive: Cube.476
22:05:53 | INFO: Primitives created: 1
22:05:53 | INFO: Extracting primitive: Cube.478
22:05:53 | INFO: Primitives created: 1
22:05:53 | INFO: Extracting primitive: Cube.480
22:05:53 | INFO: Primitives created: 1
22:05:53 | INFO: Extracting primitive: Cube.482
22:05:53 | INFO: Primitives created: 1
22:05:53 | INFO: Extracting primitive: Cube.484
22:05:53 | INFO: Primitives created: 1
22:05:53 | INFO: Extracting primitive: Cube.486
22:05:53 | INFO: Primitives created: 1
22:05:53 | INFO: Extracting primitive: Cube.488
22:05:53 | INFO: Primitives created: 1
22:05:53 | INFO: Extracting primitive: Cube.497
22:05:53 | INFO: Primitives created: 1
22:05:53 | INFO: Extracting primitive: Cube.499
22:05:53 | INFO: Primitives created: 1
22:05:53 | INFO: Extracting primitive: Cube.501
22:05:53 | INFO: Primitives created: 1
22:05:53 | INFO: Extracting primitive: Cube.503
22:05:53 | INFO: Primitives created: 1
22:05:53 | INFO: Extracting primitive: Cube.505
22:05:53 | INFO: Primitives created: 1
22:05:53 | INFO: Extracting primitive: Cube.507
22:05:53 | INFO: Primitives created: 1
22:05:53 | INFO: Extracting primitive: Cube.509
22:05:53 | INFO: Primitives created: 1
22:05:53 | INFO: Extracting primitive: Cube.511
22:05:53 | INFO: Primitives created: 1
22:05:53 | INFO: Extracting primitive: Cube.513
22:05:53 | INFO: Primitives created: 1
22:05:53 | INFO: Extracting primitive: Cube.515
22:05:53 | INFO: Primitives created: 1
22:05:53 | INFO: Extracting primitive: Cube.517
22:05:53 | INFO: Primitives created: 1
22:05:53 | INFO: Extracting primitive: Cube.519
22:05:53 | INFO: Primitives created: 1
22:05:53 | INFO: Extracting primitive: Cube.521
22:05:53 | INFO: Primitives created: 1
22:05:53 | INFO: Extracting primitive: Cube.463
22:05:53 | INFO: Primitives created: 1
22:05:53 | INFO: Extracting primitive: Cube.465
22:05:53 | INFO: Primitives created: 1
22:05:53 | INFO: Extracting primitive: Cube.467
22:05:53 | INFO: Primitives created: 1
22:05:53 | INFO: Extracting primitive: Cube.469
22:05:53 | INFO: Primitives created: 1
22:05:53 | INFO: Extracting primitive: Cube.471
22:05:53 | INFO: Primitives created: 1
22:05:53 | INFO: Extracting primitive: Cube.473
22:05:53 | INFO: Primitives created: 1
22:05:53 | INFO: Extracting primitive: Cube.475
22:05:53 | INFO: Primitives created: 1
22:05:53 | INFO: Extracting primitive: Cube.477
22:05:53 | INFO: Primitives created: 1
22:05:53 | INFO: Extracting primitive: Cube.479
22:05:53 | INFO: Primitives created: 1
22:05:53 | INFO: Extracting primitive: Cube.481
22:05:53 | INFO: Primitives created: 1
22:05:53 | INFO: Extracting primitive: Cube.483
22:05:53 | INFO: Primitives created: 1
22:05:53 | INFO: Extracting primitive: Cube.485
22:05:53 | INFO: Primitives created: 1
22:05:53 | INFO: Extracting primitive: Cube.487
22:05:53 | INFO: Primitives created: 1
22:05:53 | INFO: Extracting primitive: Cube.496
22:05:53 | INFO: Primitives created: 1
22:05:53 | INFO: Extracting primitive: Cube.498
22:05:53 | INFO: Primitives created: 1
22:05:53 | INFO: Extracting primitive: Cube.500
22:05:53 | INFO: Primitives created: 1
22:05:53 | INFO: Extracting primitive: Cube.502
22:05:53 | INFO: Primitives created: 1
22:05:53 | INFO: Extracting primitive: Cube.504
22:05:53 | INFO: Primitives created: 1
22:05:53 | INFO: Extracting primitive: Cube.506
22:05:53 | INFO: Primitives created: 1
22:05:53 | INFO: Extracting primitive: Cube.508
22:05:53 | INFO: Primitives created: 1
22:05:53 | INFO: Extracting primitive: Cube.510
22:05:53 | INFO: Primitives created: 1
22:05:53 | INFO: Extracting primitive: Cube.512
22:05:53 | INFO: Primitives created: 1
22:05:53 | INFO: Extracting primitive: Cube.514
22:05:53 | INFO: Primitives created: 1
22:05:53 | INFO: Extracting primitive: Cube.516
22:05:53 | INFO: Primitives created: 1
22:05:53 | INFO: Extracting primitive: Cube.518
22:05:53 | INFO: Primitives created: 1
22:05:53 | INFO: Extracting primitive: Cube.520
22:05:53 | INFO: Primitives created: 1
22:05:53 | INFO: Extracting primitive: Cube.529
22:05:53 | INFO: Primitives created: 1
22:05:53 | INFO: Extracting primitive: Cylinder.179
22:05:53 | INFO: Primitives created: 1
22:05:53 | INFO: Extracting primitive: Cylinder.181
22:05:53 | INFO: Primitives created: 1
22:05:53 | INFO: Extracting primitive: Cylinder.183
22:05:53 | INFO: Primitives created: 1
22:05:53 | INFO: Extracting primitive: Cylinder.185
22:05:53 | INFO: Primitives created: 1
22:05:53 | INFO: Extracting primitive: Cylinder.187
22:05:53 | INFO: Primitives created: 1
22:05:53 | INFO: Extracting primitive: Cylinder.189
22:05:53 | INFO: Primitives created: 1
22:05:53 | INFO: Extracting primitive: Cylinder.191
22:05:53 | INFO: Primitives created: 1
22:05:53 | INFO: Extracting primitive: Cylinder.193
22:05:53 | INFO: Primitives created: 1
22:05:53 | INFO: Extracting primitive: Cylinder.202
22:05:53 | INFO: Primitives created: 1
22:05:53 | INFO: Extracting primitive: Sphere.001
22:05:53 | INFO: Primitives created: 1
22:05:53 | INFO: Extracting primitive: Cylinder.204
22:05:53 | INFO: Primitives created: 1
22:05:53 | INFO: Extracting primitive: Cylinder.207
22:05:53 | INFO: Primitives created: 1
22:05:53 | INFO: Extracting primitive: Cylinder.205
22:05:53 | INFO: Primitives created: 1
22:05:53 | INFO: Extracting primitive: Cylinder.206
22:05:53 | INFO: Primitives created: 1
22:05:53 | INFO: Extracting primitive: Cylinder.201
22:05:53 | INFO: Primitives created: 1
22:05:53 | INFO: Extracting primitive: Cube.543
22:05:53 | INFO: Primitives created: 1
22:05:53 | INFO: Extracting primitive: Cube.542
22:05:53 | INFO: Primitives created: 1
22:05:53 | INFO: Extracting primitive: Cylinder.200
22:05:53 | INFO: Primitives created: 1
22:05:53 | INFO: Extracting primitive: Cube.544
22:05:53 | INFO: Primitives created: 1
22:05:53 | INFO: Extracting primitive: Cylinder.203
22:05:53 | INFO: Primitives created: 1
22:05:53 | INFO: Finished glTF 2.0 export in 0.08301806449890137 s

22:05:53 | INFO: Starting glTF 2.0 export
22:05:53 | INFO: Extracting primitive: Cylinder.226
22:05:53 | INFO: Primitives created: 1
22:05:53 | INFO: Extracting primitive: Cylinder.227
22:05:53 | INFO: Primitives created: 1
22:05:53 | INFO: Extracting primitive: Cylinder.228
22:05:53 | INFO: Primitives created: 1
22:05:53 | INFO: Extracting primitive: Cylinder.229
22:05:53 | INFO: Primitives created: 1
22:05:53 | INFO: Extracting primitive: Cylinder.224
22:05:53 | INFO: Primitives created: 1
22:05:53 | INFO: Extracting primitive: Cylinder.225
22:05:53 | INFO: Primitives created: 1
22:05:53 | INFO: Extracting primitive: Cube.614
22:05:53 | INFO: Primitives created: 1
22:05:53 | INFO: Extracting primitive: Cube.617
22:05:53 | INFO: Primitives created: 1
22:05:53 | INFO: Extracting primitive: Cube.615
22:05:53 | INFO: Primitives created: 1
22:05:53 | INFO: Extracting primitive: Cube.618
22:05:53 | INFO: Primitives created: 1
22:05:53 | INFO: Extracting primitive: Cube.624
22:05:53 | INFO: Primitives created: 1
22:05:53 | INFO: Extracting primitive: Cube.611
22:05:53 | INFO: Primitives created: 1
22:05:53 | INFO: Extracting primitive: Cube.619
22:05:53 | INFO: Primitives created: 1
22:05:53 | INFO: Extracting primitive: Cube.620
22:05:53 | INFO: Primitives created: 1
22:05:53 | INFO: Extracting primitive: Cube.621
22:05:53 | INFO: Primitives created: 1
22:05:53 | INFO: Extracting primitive: Cube.622
22:05:53 | INFO: Primitives created: 1
22:05:53 | INFO: Extracting primitive: Cube.623
22:05:53 | INFO: Primitives created: 1
22:05:53 | INFO: Extracting primitive: Cylinder.208
22:05:53 | INFO: Primitives created: 1
22:05:53 | INFO: Extracting primitive: Cylinder.210
22:05:53 | INFO: Primitives created: 1
22:05:53 | INFO: Extracting primitive: Cylinder.212
22:05:53 | INFO: Primitives created: 1
22:05:53 | INFO: Extracting primitive: Cylinder.214
22:05:53 | INFO: Primitives created: 1
22:05:53 | INFO: Extracting primitive: Cylinder.216
22:05:53 | INFO: Primitives created: 1
22:05:53 | INFO: Extracting primitive: Cylinder.218
22:05:53 | INFO: Primitives created: 1
22:05:53 | INFO: Extracting primitive: Cylinder.220
22:05:53 | INFO: Primitives created: 1
22:05:53 | INFO: Extracting primitive: Cylinder.222
22:05:53 | INFO: Primitives created: 1
22:05:53 | INFO: Extracting primitive: Cube.545
22:05:53 | INFO: Primitives created: 1
22:05:53 | INFO: Extracting primitive: Cube.578
22:05:53 | INFO: Primitives created: 1
22:05:53 | INFO: Extracting primitive: Cube.613
22:05:53 | INFO: Primitives created: 1
22:05:53 | INFO: Extracting primitive: Cube.616
22:05:53 | INFO: Primitives created: 1
22:05:53 | INFO: Extracting primitive: Cube.572
22:05:53 | INFO: Primitives created: 1
22:05:53 | INFO: Extracting primitive: Cube.573
22:05:53 | INFO: Primitives created: 1
22:05:53 | INFO: Extracting primitive: Cube.574
22:05:53 | INFO: Primitives created: 1
22:05:53 | INFO: Extracting primitive: Cube.575
22:05:53 | INFO: Primitives created: 1
22:05:53 | INFO: Extracting primitive: Cube.576
22:05:53 | INFO: Primitives created: 1
22:05:53 | INFO: Extracting primitive: Cube.577
22:05:53 | INFO: Primitives created: 1
22:05:53 | INFO: Extracting primitive: Cube.605
22:05:53 | INFO: Primitives created: 1
22:05:53 | INFO: Extracting primitive: Cube.606
22:05:53 | INFO: Primitives created: 1
22:05:53 | INFO: Extracting primitive: Cube.607
22:05:53 | INFO: Primitives created: 1
22:05:53 | INFO: Extracting primitive: Cube.608
22:05:53 | INFO: Primitives created: 1
22:05:53 | INFO: Extracting primitive: Cube.609
22:05:53 | INFO: Primitives created: 1
22:05:53 | INFO: Extracting primitive: Cube.610
22:05:53 | INFO: Primitives created: 1
22:05:53 | INFO: Extracting primitive: Cube.547
22:05:53 | INFO: Primitives created: 1
22:05:53 | INFO: Extracting primitive: Cube.549
22:05:53 | INFO: Primitives created: 1
22:05:53 | INFO: Extracting primitive: Cube.551
22:05:53 | INFO: Primitives created: 1
22:05:53 | INFO: Extracting primitive: Cube.553
22:05:53 | INFO: Primitives created: 1
22:05:53 | INFO: Extracting primitive: Cube.555
22:05:53 | INFO: Primitives created: 1
22:05:53 | INFO: Extracting primitive: Cube.557
22:05:53 | INFO: Primitives created: 1
22:05:53 | INFO: Extracting primitive: Cube.559
22:05:53 | INFO: Primitives created: 1
22:05:53 | INFO: Extracting primitive: Cube.561
22:05:53 | INFO: Primitives created: 1
22:05:53 | INFO: Extracting primitive: Cube.563
22:05:53 | INFO: Primitives created: 1
22:05:53 | INFO: Extracting primitive: Cube.565
22:05:53 | INFO: Primitives created: 1
22:05:53 | INFO: Extracting primitive: Cube.567
22:05:53 | INFO: Primitives created: 1
22:05:53 | INFO: Extracting primitive: Cube.569
22:05:53 | INFO: Primitives created: 1
22:05:53 | INFO: Extracting primitive: Cube.571
22:05:53 | INFO: Primitives created: 1
22:05:53 | INFO: Extracting primitive: Cube.580
22:05:53 | INFO: Primitives created: 1
22:05:53 | INFO: Extracting primitive: Cube.582
22:05:53 | INFO: Primitives created: 1
22:05:53 | INFO: Extracting primitive: Cube.584
22:05:53 | INFO: Primitives created: 1
22:05:53 | INFO: Extracting primitive: Cube.586
22:05:53 | INFO: Primitives created: 1
22:05:53 | INFO: Extracting primitive: Cube.588
22:05:53 | INFO: Primitives created: 1
22:05:53 | INFO: Extracting primitive: Cube.590
22:05:53 | INFO: Primitives created: 1
22:05:53 | INFO: Extracting primitive: Cube.592
22:05:53 | INFO: Primitives created: 1
22:05:53 | INFO: Extracting primitive: Cube.594
22:05:53 | INFO: Primitives created: 1
22:05:53 | INFO: Extracting primitive: Cube.596
22:05:53 | INFO: Primitives created: 1
22:05:53 | INFO: Extracting primitive: Cube.598
22:05:53 | INFO: Primitives created: 1
22:05:53 | INFO: Extracting primitive: Cube.600
22:05:53 | INFO: Primitives created: 1
22:05:53 | INFO: Extracting primitive: Cube.602
22:05:53 | INFO: Primitives created: 1
22:05:53 | INFO: Extracting primitive: Cube.604
22:05:53 | INFO: Primitives created: 1
22:05:53 | INFO: Extracting primitive: Cube.546
22:05:53 | INFO: Primitives created: 1
22:05:53 | INFO: Extracting primitive: Cube.548
22:05:53 | INFO: Primitives created: 1
22:05:53 | INFO: Extracting primitive: Cube.550
22:05:53 | INFO: Primitives created: 1
22:05:53 | INFO: Extracting primitive: Cube.552
22:05:53 | INFO: Primitives created: 1
22:05:53 | INFO: Extracting primitive: Cube.554
22:05:53 | INFO: Primitives created: 1
22:05:53 | INFO: Extracting primitive: Cube.556
22:05:53 | INFO: Primitives created: 1
22:05:53 | INFO: Extracting primitive: Cube.558
22:05:53 | INFO: Primitives created: 1
22:05:53 | INFO: Extracting primitive: Cube.560
22:05:53 | INFO: Primitives created: 1
22:05:53 | INFO: Extracting primitive: Cube.562
22:05:53 | INFO: Primitives created: 1
22:05:53 | INFO: Extracting primitive: Cube.564
22:05:53 | INFO: Primitives created: 1
22:05:53 | INFO: Extracting primitive: Cube.566
22:05:53 | INFO: Primitives created: 1
22:05:53 | INFO: Extracting primitive: Cube.568
22:05:53 | INFO: Primitives created: 1
22:05:53 | INFO: Extracting primitive: Cube.570
22:05:53 | INFO: Primitives created: 1
22:05:53 | INFO: Extracting primitive: Cube.579
22:05:53 | INFO: Primitives created: 1
22:05:53 | INFO: Extracting primitive: Cube.581
22:05:53 | INFO: Primitives created: 1
22:05:53 | INFO: Extracting primitive: Cube.583
22:05:53 | INFO: Primitives created: 1
22:05:53 | INFO: Extracting primitive: Cube.585
22:05:53 | INFO: Primitives created: 1
22:05:53 | INFO: Extracting primitive: Cube.587
22:05:53 | INFO: Primitives created: 1
22:05:53 | INFO: Extracting primitive: Cube.589
22:05:53 | INFO: Primitives created: 1
22:05:53 | INFO: Extracting primitive: Cube.591
22:05:53 | INFO: Primitives created: 1
22:05:53 | INFO: Extracting primitive: Cube.593
22:05:53 | INFO: Primitives created: 1
22:05:53 | INFO: Extracting primitive: Cube.595
22:05:53 | INFO: Primitives created: 1
22:05:53 | INFO: Extracting primitive: Cube.597
22:05:53 | INFO: Primitives created: 1
22:05:53 | INFO: Extracting primitive: Cube.599
22:05:53 | INFO: Primitives created: 1
22:05:53 | INFO: Extracting primitive: Cube.601
22:05:53 | INFO: Primitives created: 1
22:05:53 | INFO: Extracting primitive: Cube.603
22:05:53 | INFO: Primitives created: 1
22:05:53 | INFO: Extracting primitive: Cube.612
22:05:53 | INFO: Primitives created: 1
22:05:53 | INFO: Extracting primitive: Cylinder.209
22:05:53 | INFO: Primitives created: 1
22:05:53 | INFO: Extracting primitive: Cylinder.211
22:05:53 | INFO: Primitives created: 1
22:05:53 | INFO: Extracting primitive: Cylinder.213
22:05:53 | INFO: Primitives created: 1
22:05:53 | INFO: Extracting primitive: Cylinder.215
22:05:53 | INFO: Primitives created: 1
22:05:53 | INFO: Extracting primitive: Cylinder.217
22:05:53 | INFO: Primitives created: 1
22:05:53 | INFO: Extracting primitive: Cylinder.219
22:05:53 | INFO: Primitives created: 1
22:05:53 | INFO: Extracting primitive: Cylinder.221
22:05:53 | INFO: Primitives created: 1
22:05:53 | INFO: Extracting primitive: Cylinder.223
22:05:53 | INFO: Primitives created: 1
22:05:53 | INFO: Extracting primitive: Cylinder.233
22:05:53 | INFO: Primitives created: 1
22:05:53 | INFO: Extracting primitive: Sphere.002
22:05:53 | INFO: Primitives created: 1
22:05:53 | INFO: Extracting primitive: Cylinder.235
22:05:53 | INFO: Primitives created: 1
22:05:53 | INFO: Extracting primitive: Cylinder.238
22:05:53 | INFO: Primitives created: 1
22:05:53 | INFO: Extracting primitive: Cylinder.236
22:05:53 | INFO: Primitives created: 1
22:05:53 | INFO: Extracting primitive: Cylinder.237
22:05:53 | INFO: Primitives created: 1
22:05:53 | INFO: Extracting primitive: Cylinder.232
22:05:53 | INFO: Primitives created: 1
22:05:53 | INFO: Extracting primitive: Cylinder.231
22:05:53 | INFO: Primitives created: 1
22:05:53 | INFO: Extracting primitive: Cube.625
22:05:53 | INFO: Primitives created: 1
22:05:53 | INFO: Extracting primitive: Cylinder.230
22:05:53 | INFO: Primitives created: 1
22:05:53 | INFO: Extracting primitive: Cube.626
22:05:53 | INFO: Primitives created: 1
22:05:53 | INFO: Extracting primitive: Cylinder.234
22:05:53 | INFO: Primitives created: 1
22:05:53 | INFO: Finished glTF 2.0 export in 0.09324121475219727 s

22:05:53 | INFO: Starting glTF 2.0 export
22:05:53 | INFO: Extracting primitive: Cube.627
22:05:53 | INFO: Primitives created: 1
22:05:53 | INFO: Finished glTF 2.0 export in 0.0026590824127197266 s

22:05:53 | INFO: Starting glTF 2.0 export
22:05:53 | INFO: Extracting primitive: Cube.628
22:05:53 | INFO: Primitives created: 1
22:05:53 | INFO: Finished glTF 2.0 export in 0.002207040786743164 s

22:05:53 | INFO: Starting glTF 2.0 export
22:05:53 | INFO: Extracting primitive: Cube.629
22:05:53 | INFO: Primitives created: 1
22:05:53 | INFO: Finished glTF 2.0 export in 0.0020439624786376953 s

22:05:53 | INFO: Starting glTF 2.0 export
22:05:53 | INFO: Extracting primitive: Cube.630
22:05:53 | INFO: Primitives created: 1
22:05:53 | INFO: Finished glTF 2.0 export in 0.002223968505859375 s

22:05:53 | INFO: Starting glTF 2.0 export
22:05:53 | INFO: Extracting primitive: Cube.631
22:05:53 | INFO: Primitives created: 1
22:05:53 | INFO: Finished glTF 2.0 export in 0.0021419525146484375 s

22:05:53 | INFO: Starting glTF 2.0 export
22:05:53 | INFO: Extracting primitive: Cube.632
22:05:53 | INFO: Primitives created: 1
22:05:53 | INFO: Extracting primitive: Cube.633
22:05:53 | INFO: Primitives created: 1
22:05:53 | INFO: Finished glTF 2.0 export in 0.0030438899993896484 s

22:05:53 | INFO: Starting glTF 2.0 export
22:05:53 | INFO: Extracting primitive: Cube.634
22:05:53 | INFO: Primitives created: 1
22:05:53 | INFO: Extracting primitive: Cube.635
22:05:53 | INFO: Primitives created: 1
22:05:53 | INFO: Finished glTF 2.0 export in 0.0027267932891845703 s

22:05:53 | INFO: Starting glTF 2.0 export
22:05:53 | INFO: Extracting primitive: Cylinder.239
22:05:53 | INFO: Primitives created: 1
22:05:53 | INFO: Finished glTF 2.0 export in 0.0023758411407470703 s

22:05:54 | INFO: Starting glTF 2.0 export
22:05:54 | INFO: Extracting primitive: Wedge
22:05:54 | INFO: Primitives created: 1
22:05:54 | INFO: Finished glTF 2.0 export in 0.002240896224975586 s

22:05:54 | INFO: Starting glTF 2.0 export
22:05:54 | INFO: Extracting primitive: Cube.636
22:05:54 | INFO: Primitives created: 1
22:05:54 | INFO: Finished glTF 2.0 export in 0.001992940902709961 s

22:05:54 | INFO: Starting glTF 2.0 export
22:05:54 | INFO: Extracting primitive: Cube.637
22:05:54 | INFO: Primitives created: 1
22:05:54 | INFO: Extracting primitive: Cube.638
22:05:54 | INFO: Primitives created: 1
22:05:54 | INFO: Extracting primitive: Cube.639
22:05:54 | INFO: Primitives created: 1
22:05:54 | INFO: Extracting primitive: Cube.640
22:05:54 | INFO: Primitives created: 1
22:05:54 | INFO: Finished glTF 2.0 export in 0.005066394805908203 s

22:05:54 | INFO: Starting glTF 2.0 export
22:05:54 | INFO: Extracting primitive: Cylinder.240
22:05:54 | INFO: Primitives created: 1
22:05:54 | INFO: Extracting primitive: Cylinder.241
22:05:54 | INFO: Primitives created: 1
22:05:54 | INFO: Extracting primitive: Cylinder.242
22:05:54 | INFO: Primitives created: 1
22:05:54 | INFO: Extracting primitive: Cylinder.243
22:05:54 | INFO: Primitives created: 1
22:05:54 | INFO: Extracting primitive: Cube.642
22:05:54 | INFO: Primitives created: 1
22:05:54 | INFO: Extracting primitive: Cube.643
22:05:54 | INFO: Primitives created: 1
22:05:54 | INFO: Extracting primitive: Cube.641
22:05:54 | INFO: Primitives created: 1
22:05:54 | INFO: Finished glTF 2.0 export in 0.007692098617553711 s

22:05:54 | INFO: Starting glTF 2.0 export
22:05:54 | INFO: Extracting primitive: Cube.644
22:05:54 | INFO: Primitives created: 1
22:05:54 | INFO: Extracting primitive: Cube.645
22:05:54 | INFO: Primitives created: 1
22:05:54 | INFO: Extracting primitive: Cube.646
22:05:54 | INFO: Primitives created: 1
22:05:54 | INFO: Extracting primitive: Cube.647
22:05:54 | INFO: Primitives created: 1
22:05:54 | INFO: Finished glTF 2.0 export in 0.005522966384887695 s

22:05:54 | INFO: Starting glTF 2.0 export
22:05:54 | INFO: Extracting primitive: Cube.648
22:05:54 | INFO: Primitives created: 1
22:05:54 | INFO: Extracting primitive: Sphere.003
22:05:54 | INFO: Primitives created: 1
22:05:54 | INFO: Extracting primitive: Sphere.004
22:05:54 | INFO: Primitives created: 1
22:05:54 | INFO: Extracting primitive: Sphere.005
22:05:54 | INFO: Primitives created: 1
22:05:54 | INFO: Extracting primitive: Sphere.006
22:05:54 | INFO: Primitives created: 1
22:05:54 | INFO: Extracting primitive: Sphere.007
22:05:54 | INFO: Primitives created: 1
22:05:54 | INFO: Extracting primitive: Sphere.008
22:05:54 | INFO: Primitives created: 1
22:05:54 | INFO: Extracting primitive: Sphere.009
22:05:54 | INFO: Primitives created: 1
22:05:54 | INFO: Extracting primitive: Sphere.010
22:05:54 | INFO: Primitives created: 1
22:05:54 | INFO: Extracting primitive: Sphere.011
22:05:54 | INFO: Primitives created: 1
22:05:54 | INFO: Extracting primitive: Sphere.012
22:05:54 | INFO: Primitives created: 1
22:05:54 | INFO: Extracting primitive: Sphere.013
22:05:54 | INFO: Primitives created: 1
22:05:54 | INFO: Extracting primitive: Sphere.014
22:05:54 | INFO: Primitives created: 1
22:05:54 | INFO: Extracting primitive: Sphere.015
22:05:54 | INFO: Primitives created: 1
22:05:54 | INFO: Extracting primitive: Sphere.016
22:05:54 | INFO: Primitives created: 1
22:05:54 | INFO: Extracting primitive: Sphere.017
22:05:54 | INFO: Primitives created: 1
22:05:54 | INFO: Extracting primitive: Sphere.018
22:05:54 | INFO: Primitives created: 1
22:05:54 | INFO: Extracting primitive: Sphere.019
22:05:54 | INFO: Primitives created: 1
22:05:54 | INFO: Extracting primitive: Sphere.020
22:05:54 | INFO: Primitives created: 1
22:05:54 | INFO: Extracting primitive: Sphere.021
22:05:54 | INFO: Primitives created: 1
22:05:54 | INFO: Extracting primitive: Sphere.022
22:05:54 | INFO: Primitives created: 1
22:05:54 | INFO: Extracting primitive: Sphere.023
22:05:54 | INFO: Primitives created: 1
22:05:54 | INFO: Extracting primitive: Sphere.024
22:05:54 | INFO: Primitives created: 1
22:05:54 | INFO: Extracting primitive: Sphere.025
22:05:54 | INFO: Primitives created: 1
22:05:54 | INFO: Extracting primitive: Sphere.026
22:05:54 | INFO: Primitives created: 1
22:05:54 | INFO: Finished glTF 2.0 export in 0.01698899269104004 s

22:05:54 | INFO: Starting glTF 2.0 export
22:05:54 | INFO: Extracting primitive: Cube.649
22:05:54 | INFO: Primitives created: 1
22:05:54 | INFO: Extracting primitive: Cube.650
22:05:54 | INFO: Primitives created: 1
22:05:54 | INFO: Extracting primitive: Cube.651
22:05:54 | INFO: Primitives created: 1
22:05:54 | INFO: Extracting primitive: Cube.652
22:05:54 | INFO: Primitives created: 1
22:05:54 | INFO: Extracting primitive: Cube.653
22:05:54 | INFO: Primitives created: 1
22:05:54 | INFO: Finished glTF 2.0 export in 0.005399942398071289 s

22:05:54 | INFO: Starting glTF 2.0 export
22:05:54 | INFO: Extracting primitive: Cube.654
22:05:54 | INFO: Primitives created: 1
22:05:54 | INFO: Extracting primitive: Cube.655
22:05:54 | INFO: Primitives created: 1
22:05:54 | INFO: Finished glTF 2.0 export in 0.003688812255859375 s

22:05:54 | INFO: Starting glTF 2.0 export
22:05:54 | INFO: Extracting primitive: Cylinder.244
22:05:54 | INFO: Primitives created: 1
22:05:54 | INFO: Extracting primitive: Cube.656
22:05:54 | INFO: Primitives created: 1
22:05:54 | INFO: Extracting primitive: Cube.657
22:05:54 | INFO: Primitives created: 1
22:05:54 | INFO: Finished glTF 2.0 export in 0.004942893981933594 s

22:05:54 | INFO: Starting glTF 2.0 export
22:05:54 | INFO: Extracting primitive: Cube.658
22:05:54 | INFO: Primitives created: 1
22:05:54 | INFO: Extracting primitive: Cube.663
22:05:54 | INFO: Primitives created: 1
22:05:54 | INFO: Extracting primitive: Cube.660
22:05:54 | INFO: Primitives created: 1
22:05:54 | INFO: Extracting primitive: Cube.662
22:05:54 | INFO: Primitives created: 1
22:05:54 | INFO: Extracting primitive: Cube.659
22:05:54 | INFO: Primitives created: 1
22:05:54 | INFO: Extracting primitive: Cube.661
22:05:54 | INFO: Primitives created: 1
22:05:54 | INFO: Finished glTF 2.0 export in 0.006974935531616211 s

22:05:54 | INFO: Starting glTF 2.0 export
22:05:54 | INFO: Extracting primitive: Cylinder.245
22:05:54 | INFO: Primitives created: 1
22:05:54 | INFO: Extracting primitive: Cylinder.246
22:05:54 | INFO: Primitives created: 1
22:05:54 | INFO: Extracting primitive: Cylinder.247
22:05:54 | INFO: Primitives created: 1
22:05:54 | INFO: Extracting primitive: Cylinder.250
22:05:54 | INFO: Primitives created: 1
22:05:54 | INFO: Extracting primitive: Cylinder.251
22:05:54 | INFO: Primitives created: 1
22:05:54 | INFO: Extracting primitive: Cylinder.248
22:05:54 | INFO: Primitives created: 1
22:05:54 | INFO: Extracting primitive: Cylinder.252
22:05:54 | INFO: Primitives created: 1
22:05:54 | INFO: Extracting primitive: Cylinder.249
22:05:54 | INFO: Primitives created: 1
22:05:54 | INFO: Finished glTF 2.0 export in 0.010008096694946289 s

22:05:54 | INFO: Starting glTF 2.0 export
22:05:54 | INFO: Extracting primitive: Cube.666
22:05:54 | INFO: Primitives created: 1
22:05:54 | INFO: Extracting primitive: Cube.664
22:05:54 | INFO: Primitives created: 1
22:05:54 | INFO: Extracting primitive: Cube.665
22:05:54 | INFO: Primitives created: 1
22:05:54 | INFO: Extracting primitive: Cube.667
22:05:54 | INFO: Primitives created: 1
22:05:54 | INFO: Extracting primitive: Cube.668
22:05:54 | INFO: Primitives created: 1
22:05:54 | INFO: Extracting primitive: Cube.669
22:05:54 | INFO: Primitives created: 1
22:05:54 | INFO: Extracting primitive: Cube.670
22:05:54 | INFO: Primitives created: 1
22:05:54 | INFO: Finished glTF 2.0 export in 0.007341146469116211 s

22:05:54 | INFO: Starting glTF 2.0 export
22:05:54 | INFO: Extracting primitive: Cube.671
22:05:54 | INFO: Primitives created: 1
22:05:54 | INFO: Extracting primitive: Cube.672
22:05:54 | INFO: Primitives created: 1
22:05:54 | INFO: Extracting primitive: Cube.673
22:05:54 | INFO: Primitives created: 1
22:05:54 | INFO: Extracting primitive: Cube.674
22:05:54 | INFO: Primitives created: 1
22:05:54 | INFO: Extracting primitive: Cube.675
22:05:54 | INFO: Primitives created: 1
22:05:54 | INFO: Finished glTF 2.0 export in 0.005762815475463867 s

22:05:54 | INFO: Starting glTF 2.0 export
22:05:54 | INFO: Extracting primitive: Cylinder.253
22:05:54 | INFO: Primitives created: 1
22:05:54 | INFO: Extracting primitive: Cylinder.254
22:05:54 | INFO: Primitives created: 1
22:05:54 | INFO: Extracting primitive: Cylinder.255
22:05:54 | INFO: Primitives created: 1
22:05:54 | INFO: Finished glTF 2.0 export in 0.005169868469238281 s

22:05:54 | INFO: Starting glTF 2.0 export
22:05:54 | INFO: Extracting primitive: Cylinder.256
22:05:54 | INFO: Primitives created: 1
22:05:54 | INFO: Extracting primitive: Sphere.027
22:05:54 | INFO: Primitives created: 1
22:05:54 | INFO: Finished glTF 2.0 export in 0.003111124038696289 s

22:05:54 | INFO: Starting glTF 2.0 export
22:05:54 | INFO: Extracting primitive: Cylinder.257
22:05:54 | INFO: Primitives created: 1
22:05:54 | INFO: Extracting primitive: Cube.676
22:05:54 | INFO: Primitives created: 1
22:05:54 | INFO: Extracting primitive: Cube.677
22:05:54 | INFO: Primitives created: 1
22:05:54 | INFO: Extracting primitive: Sphere.028
22:05:54 | INFO: Primitives created: 1
22:05:54 | INFO: Finished glTF 2.0 export in 0.005105018615722656 s

22:05:54 | INFO: Starting glTF 2.0 export
22:05:54 | INFO: Extracting primitive: Cube.678
22:05:54 | INFO: Primitives created: 1
22:05:54 | INFO: Extracting primitive: Cube.679
22:05:54 | INFO: Primitives created: 1
22:05:54 | INFO: Extracting primitive: Cube.680
22:05:54 | INFO: Primitives created: 1
22:05:54 | INFO: Extracting primitive: Cube.681
22:05:54 | INFO: Primitives created: 1
22:05:54 | INFO: Extracting primitive: Cube.682
22:05:54 | INFO: Primitives created: 1
22:05:54 | INFO: Extracting primitive: Cube.683
22:05:54 | INFO: Primitives created: 1
22:05:54 | INFO: Extracting primitive: Cube.684
22:05:54 | INFO: Primitives created: 1
22:05:54 | INFO: Extracting primitive: Cube.685
22:05:54 | INFO: Primitives created: 1
22:05:54 | INFO: Finished glTF 2.0 export in 0.006506919860839844 s

Info: Saved as "Pocket_Armor_Review.blend"
RENDER_START 01 | ASSEMBLED ARENA
00:11.854  render           | Saved: '/Users/jaili/projects/godot/tanks/art-review/tank-kit-v1/previews/01_arena.png'
RENDER_DONE 01 | ASSEMBLED ARENA
RENDER_START 02 | TANK LINEUP
00:20.385  render           | Saved: '/Users/jaili/projects/godot/tanks/art-review/tank-kit-v1/previews/02_tank_lineup.png'
RENDER_DONE 02 | TANK LINEUP
RENDER_START 03 | MODULAR ARENA KIT
00:31.499  render           | Saved: '/Users/jaili/projects/godot/tanks/art-review/tank-kit-v1/previews/03_modular_kit.png'
RENDER_DONE 03 | MODULAR ARENA KIT
RENDER_START 04 | TOP DOWN LAYOUT
00:43.804  render           | Saved: '/Users/jaili/projects/godot/tanks/art-review/tank-kit-v1/previews/04_top_down.png'
RENDER_DONE 04 | TOP DOWN LAYOUT
TANK_KIT_COMPLETE 33
Blender 5.1.1 (hash b70da489d7f4 built 2026-04-14 01:46:23)

Blender quit
