00:00.231  blend            | Read blend: "/Users/jaili/projects/godot/tanks/art-review/tank-cartoon-v3/Pocket_Armor_Cartoon_Review.blend"
00:01.586  render           | Video append frame 1
00:02.832  render           | Video append frame 3
00:04.071  render           | Video append frame 5
00:05.306  render           | Video append frame 7
00:06.553  render           | Video append frame 9
00:07.792  render           | Video append frame 11
00:09.021  render           | Video append frame 13
00:10.258  render           | Video append frame 15
00:11.540  render           | Video append frame 17
00:12.826  render           | Video append frame 19
00:14.106  render           | Video append frame 21
00:15.332  render           | Video append frame 23
00:16.569  render           | Video append frame 25
00:17.796  render           | Video append frame 27
00:19.020  render           | Video append frame 29
00:20.248  render           | Video append frame 31
00:21.515  render           | Video append frame 33
00:22.750  render           | Video append frame 35
00:23.985  render           | Video append frame 37
00:25.225  render           | Video append frame 39
00:26.483  render           | Video append frame 41
00:27.750  render           | Video append frame 43
00:28.991  render           | Video append frame 45
00:30.238  render           | Video append frame 47
00:31.483  render           | Video append frame 49
00:32.755  render           | Video append frame 51
00:34.024  render           | Video append frame 53
00:35.275  render           | Video append frame 55
00:36.526  render           | Video append frame 57
00:37.808  render           | Video append frame 59
00:39.101  render           | Video append frame 61
00:40.366  render           | Video append frame 63
00:41.637  render           | Video append frame 65
00:42.896  render           | Video append frame 67
00:44.154  render           | Video append frame 69
00:45.407  render           | Video append frame 71
00:46.662  render           | Video append frame 73
00:47.928  render           | Video append frame 75
00:49.211  render           | Video append frame 77
00:50.473  render           | Video append frame 79
00:51.736  render           | Video append frame 81
00:53.005  render           | Video append frame 83
00:54.264  render           | Video append frame 85
00:55.534  render           | Video append frame 87
00:56.802  render           | Video append frame 89
00:58.072  render           | Video append frame 91
00:59.340  render           | Video append frame 93
01:00.641  render           | Video append frame 95
01:01.922  render           | Video append frame 97
01:03.202  render           | Video append frame 99
01:04.481  render           | Video append frame 101
01:05.764  render           | Video append frame 103
01:07.037  render           | Video append frame 105
01:08.314  render           | Video append frame 107
01:09.589  render           | Video append frame 109
01:10.864  render           | Video append frame 111
01:12.158  render           | Video append frame 113
01:13.440  render           | Video append frame 115
01:14.728  render           | Video append frame 117
01:16.049  render           | Video append frame 119
01:17.337  render           | Video append frame 121
01:18.616  render           | Video append frame 123
01:19.899  render           | Video append frame 125
01:21.208  render           | Video append frame 127
01:22.609  render           | Video append frame 129
01:23.989  render           | Video append frame 131
01:25.284  render           | Video append frame 133
01:26.577  render           | Video append frame 135
01:27.882  render           | Video append frame 137
01:29.438  render           | Video append frame 139
01:30.742  render           | Video append frame 141
01:32.037  render           | Video append frame 143
01:33.347  render           | Video append frame 145
01:34.670  render           | Video append frame 147
01:36.057  render           | Video append frame 149
01:37.405  render           | Video append frame 151
01:38.723  render           | Video append frame 153
01:40.067  render           | Video append frame 155
01:41.394  render           | Video append frame 157
01:42.700  render           | Video append frame 159
01:43.995  render           | Video append frame 161
01:45.282  render           | Video append frame 163
01:46.604  render           | Video append frame 165
01:47.930  render           | Video append frame 167
01:49.257  render           | Video append frame 169
01:50.554  render           | Video append frame 171
01:51.889  render           | Video append frame 173
01:53.195  render           | Video append frame 175
01:54.489  render           | Video append frame 177
01:55.789  render           | Video append frame 179
01:57.090  render           | Video append frame 181
01:58.391  render           | Video append frame 183
01:59.676  render           | Video append frame 185
02:00.978  render           | Video append frame 187
02:02.297  render           | Video append frame 189
02:03.598  render           | Video append frame 191
02:04.908  render           | Video append frame 193
02:06.211  render           | Video append frame 195
02:07.582  render           | Video append frame 197
02:08.895  render           | Video append frame 199
02:10.229  render           | Video append frame 201
02:11.545  render           | Video append frame 203
02:12.886  render           | Video append frame 205
02:14.243  render           | Video append frame 207
02:15.600  render           | Video append frame 209
02:16.936  render           | Video append frame 211
02:18.253  render           | Video append frame 213
02:19.586  render           | Video append frame 215
02:20.933  render           | Video append frame 217
02:22.260  render           | Video append frame 219
02:23.595  render           | Video append frame 221
02:24.914  render           | Video append frame 223
02:26.236  render           | Video append frame 225
02:27.587  render           | Video append frame 227
02:29.128  render           | Video append frame 229
02:30.651  render           | Video append frame 231
02:32.079  render           | Video append frame 233
02:33.512  render           | Video append frame 235
02:34.949  render           | Video append frame 237
02:36.411  render           | Video append frame 239
02:37.831  render           | Video append frame 241
02:39.293  render           | Video append frame 243
02:40.907  render           | Video append frame 245
02:42.462  render           | Video append frame 247
02:43.935  render           | Video append frame 249
02:45.428  render           | Video append frame 251
02:46.946  render           | Video append frame 253
02:48.471  render           | Video append frame 255
02:49.928  render           | Video append frame 257
02:51.384  render           | Video append frame 259
02:52.903  render           | Video append frame 261
02:54.398  render           | Video append frame 263
02:55.893  render           | Video append frame 265
02:57.409  render           | Video append frame 267
02:58.945  render           | Video append frame 269
03:00.501  render           | Video append frame 271
03:02.043  render           | Video append frame 273
03:03.596  render           | Video append frame 275
03:05.144  render           | Video append frame 277
03:06.693  render           | Video append frame 279
03:08.264  render           | Video append frame 281
03:09.841  render           | Video append frame 283
03:11.419  render           | Video append frame 285
03:12.999  render           | Video append frame 287
03:14.589  render           | Video append frame 289
03:16.203  render           | Video append frame 291
03:17.801  render           | Video append frame 293
03:19.447  render           | Video append frame 295
03:21.026  render           | Video append frame 297
03:22.541  render           | Video append frame 299
03:24.053  render           | Video append frame 301
03:25.574  render           | Video append frame 303
03:27.096  render           | Video append frame 305
03:28.662  render           | Video append frame 307
03:30.195  render           | Video append frame 309
03:31.739  render           | Video append frame 311
03:33.307  render           | Video append frame 313
03:34.850  render           | Video append frame 315
03:36.395  render           | Video append frame 317
03:37.936  render           | Video append frame 319
03:39.456  render           | Video append frame 321
03:40.976  render           | Video append frame 323
03:42.489  render           | Video append frame 325
03:44.009  render           | Video append frame 327
03:45.547  render           | Video append frame 329
03:47.139  render           | Video append frame 331
03:48.704  render           | Video append frame 333
03:50.272  render           | Video append frame 335
ANIMATION_VIDEO_COMPLETE
Blender 5.1.1 (hash b70da489d7f4 built 2026-04-14 01:46:23)

Blender quit
