00:00.248  blend            | Read blend: "/Users/jaili/projects/godot/tanks/art-review/tank-kit-v1/Pocket_Armor_Review.blend"
/Users/jaili/projects/godot/tanks/art-review/tank-animation-v2/build_animation_review.py:19: DeprecationWarning: 'Material.use_nodes' is expected to be removed in Blender 6.0
  m=bpy.data.materials.new(name);m.diffuse_color=(*col,1);m.use_nodes=True
/Users/jaili/projects/godot/tanks/art-review/tank-animation-v2/build_animation_review.py:94: DeprecationWarning: 'World.use_nodes' is expected to be removed in Blender 6.0
  SC.world=bpy.data.worlds.new(name+' | world');SC.world.use_nodes=True
ANIMATED tank_01_azure_scout 205
ANIMATED tank_02_mint_cruiser 213
ANIMATED tank_03_vermilion_heavy 221
ANIMATED tank_04_saffron_sprinter 199
ANIMATED tank_05_violet_marksman 215
ANIMATED tank_06_ivory_duelist 260
ANIMATED tank_07_tangerine_siege 223
ANIMATED tank_08_charcoal_command 215
00:16.458  render           | Saved: '/Users/jaili/projects/godot/tanks/art-review/tank-animation-v2/previews/01_moving.png'
00:17.823  render           | Saved: '/Users/jaili/projects/godot/tanks/art-review/tank-animation-v2/previews/02_firing.png'
00:19.241  render           | Saved: '/Users/jaili/projects/godot/tanks/art-review/tank-animation-v2/previews/03_explosion.png'
00:20.566  render           | Saved: '/Users/jaili/projects/godot/tanks/art-review/tank-animation-v2/previews/04_wreck.png'
00:24.026  render           | Saved: '/Users/jaili/projects/godot/tanks/art-review/tank-animation-v2/previews/05_all_tanks.png'
Info: Saved as "Pocket_Armor_Animation_Review.blend"
ANIMATION_BUILD_COMPLETE
Blender 5.1.1 (hash b70da489d7f4 built 2026-04-14 01:46:23)

Blender quit
