00:00.258  blend            | Read blend: "/Users/jaili/projects/godot/tanks/art-review/tank-animation-v2/Pocket_Armor_Animation_Review.blend"
00:01.796  render           | Video append frame 1
00:03.166  render           | Video append frame 3
00:04.573  render           | Video append frame 5
00:05.867  render           | Video append frame 7
00:07.122  render           | Video append frame 9
00:08.391  render           | Video append frame 11
00:09.710  render           | Video append frame 13
00:11.029  render           | Video append frame 15
00:12.304  render           | Video append frame 17
00:13.603  render           | Video append frame 19
00:14.928  render           | Video append frame 21
00:16.244  render           | Video append frame 23
00:17.621  render           | Video append frame 25
00:18.897  render           | Video append frame 27
00:20.251  render           | Video append frame 29
00:21.541  render           | Video append frame 31
00:22.859  render           | Video append frame 33
00:24.167  render           | Video append frame 35
00:25.517  render           | Video append frame 37
00:26.836  render           | Video append frame 39
00:28.160  render           | Video append frame 41
00:29.516  render           | Video append frame 43
00:30.881  render           | Video append frame 45
00:32.218  render           | Video append frame 47
00:33.559  render           | Video append frame 49
00:34.912  render           | Video append frame 51
00:36.260  render           | Video append frame 53
00:37.609  render           | Video append frame 55
00:38.964  render           | Video append frame 57
00:40.309  render           | Video append frame 59
00:41.704  render           | Video append frame 61
00:43.064  render           | Video append frame 63
00:44.420  render           | Video append frame 65
00:45.786  render           | Video append frame 67
00:47.155  render           | Video append frame 69
00:48.565  render           | Video append frame 71
00:49.942  render           | Video append frame 73
00:51.323  render           | Video append frame 75
00:52.711  render           | Video append frame 77
00:54.128  render           | Video append frame 79
00:55.780  render           | Video append frame 81
00:57.300  render           | Video append frame 83
00:58.787  render           | Video append frame 85
01:00.227  render           | Video append frame 87
01:01.621  render           | Video append frame 89
01:03.066  render           | Video append frame 91
01:04.526  render           | Video append frame 93
01:06.070  render           | Video append frame 95
01:07.577  render           | Video append frame 97
01:09.089  render           | Video append frame 99
01:10.609  render           | Video append frame 101
01:12.185  render           | Video append frame 103
01:13.712  render           | Video append frame 105
01:15.201  render           | Video append frame 107
01:16.688  render           | Video append frame 109
01:18.103  render           | Video append frame 111
01:19.502  render           | Video append frame 113
01:20.910  render           | Video append frame 115
01:22.325  render           | Video append frame 117
01:23.763  render           | Video append frame 119
01:25.187  render           | Video append frame 121
01:26.620  render           | Video append frame 123
01:28.047  render           | Video append frame 125
01:29.539  render           | Video append frame 127
01:31.034  render           | Video append frame 129
01:32.493  render           | Video append frame 131
01:33.946  render           | Video append frame 133
01:35.377  render           | Video append frame 135
01:36.815  render           | Video append frame 137
01:38.216  render           | Video append frame 139
01:39.778  render           | Video append frame 141
01:41.326  render           | Video append frame 143
01:42.905  render           | Video append frame 145
01:44.468  render           | Video append frame 147
01:46.059  render           | Video append frame 149
01:47.567  render           | Video append frame 151
01:49.046  render           | Video append frame 153
01:50.629  render           | Video append frame 155
01:52.167  render           | Video append frame 157
01:53.656  render           | Video append frame 159
01:55.138  render           | Video append frame 161
01:56.616  render           | Video append frame 163
01:58.087  render           | Video append frame 165
01:59.567  render           | Video append frame 167
02:01.006  render           | Video append frame 169
02:02.564  render           | Video append frame 171
02:04.066  render           | Video append frame 173
02:05.588  render           | Video append frame 175
02:07.107  render           | Video append frame 177
02:08.753  render           | Video append frame 179
02:10.251  render           | Video append frame 181
02:11.745  render           | Video append frame 183
02:13.190  render           | Video append frame 185
02:14.659  render           | Video append frame 187
02:16.112  render           | Video append frame 189
02:17.698  render           | Video append frame 191
02:19.249  render           | Video append frame 193
02:20.791  render           | Video append frame 195
02:22.340  render           | Video append frame 197
02:23.929  render           | Video append frame 199
02:25.430  render           | Video append frame 201
02:26.955  render           | Video append frame 203
02:28.398  render           | Video append frame 205
02:29.829  render           | Video append frame 207
02:31.522  render           | Video append frame 209
02:33.136  render           | Video append frame 211
02:34.764  render           | Video append frame 213
02:36.388  render           | Video append frame 215
02:37.993  render           | Video append frame 217
02:39.621  render           | Video append frame 219
02:41.250  render           | Video append frame 221
02:42.893  render           | Video append frame 223
02:44.561  render           | Video append frame 225
02:46.226  render           | Video append frame 227
02:47.857  render           | Video append frame 229
02:49.530  render           | Video append frame 231
02:51.206  render           | Video append frame 233
02:52.868  render           | Video append frame 235
02:54.580  render           | Video append frame 237
02:56.297  render           | Video append frame 239
02:57.999  render           | Video append frame 241
02:59.794  render           | Video append frame 243
03:01.724  render           | Video append frame 245
03:03.690  render           | Video append frame 247
03:05.515  render           | Video append frame 249
03:07.317  render           | Video append frame 251
03:09.106  render           | Video append frame 253
03:10.900  render           | Video append frame 255
03:12.632  render           | Video append frame 257
03:14.358  render           | Video append frame 259
03:16.113  render           | Video append frame 261
03:18.010  render           | Video append frame 263
03:19.793  render           | Video append frame 265
03:21.677  render           | Video append frame 267
03:23.651  render           | Video append frame 269
03:25.700  render           | Video append frame 271
03:27.782  render           | Video append frame 273
03:29.857  render           | Video append frame 275
03:31.919  render           | Video append frame 277
03:34.171  render           | Video append frame 279
03:36.320  render           | Video append frame 281
03:38.668  render           | Video append frame 283
03:41.250  render           | Video append frame 285
03:43.809  render           | Video append frame 287
03:46.256  render           | Video append frame 289
03:48.609  render           | Video append frame 291
03:50.981  render           | Video append frame 293
03:53.297  render           | Video append frame 295
03:55.787  render           | Video append frame 297
03:58.300  render           | Video append frame 299
04:00.650  render           | Video append frame 301
04:03.065  render           | Video append frame 303
04:05.355  render           | Video append frame 305
04:07.652  render           | Video append frame 307
04:09.946  render           | Video append frame 309
04:12.887  render           | Video append frame 311
04:15.471  render           | Video append frame 313
04:18.212  render           | Video append frame 315
04:21.119  render           | Video append frame 317
04:23.883  render           | Video append frame 319
04:26.696  render           | Video append frame 321
04:29.914  render           | Video append frame 323
04:33.018  render           | Video append frame 325
04:36.162  render           | Video append frame 327
04:39.723  render           | Video append frame 329
04:43.321  render           | Video append frame 331
04:47.157  render           | Video append frame 333
04:51.253  render           | Video append frame 335
ANIMATION_VIDEO_COMPLETE
Blender 5.1.1 (hash b70da489d7f4 built 2026-04-14 01:46:23)

Blender quit
